Component: Arm Compiler for Embedded 6.19 Tool: armlink [5e73cb00]

==============================================================================

Section Cross References

    startup_stm32f407xx.o(RESET) refers to startup_stm32f407xx.o(STACK) for __initial_sp
    startup_stm32f407xx.o(RESET) refers to startup_stm32f407xx.o(.text) for Reset_Handler
    startup_stm32f407xx.o(RESET) refers to stm32f4xx_it.o(.text.NMI_Handler) for NMI_Handler
    startup_stm32f407xx.o(RESET) refers to stm32f4xx_it.o(.text.HardFault_Handler) for HardFault_Handler
    startup_stm32f407xx.o(RESET) refers to stm32f4xx_it.o(.text.MemManage_Handler) for MemManage_Handler
    startup_stm32f407xx.o(RESET) refers to stm32f4xx_it.o(.text.BusFault_Handler) for BusFault_Handler
    startup_stm32f407xx.o(RESET) refers to stm32f4xx_it.o(.text.UsageFault_Handler) for UsageFault_Handler
    startup_stm32f407xx.o(RESET) refers to stm32f4xx_it.o(.text.SVC_Handler) for SVC_Handler
    startup_stm32f407xx.o(RESET) refers to stm32f4xx_it.o(.text.DebugMon_Handler) for DebugMon_Handler
    startup_stm32f407xx.o(RESET) refers to stm32f4xx_it.o(.text.PendSV_Handler) for PendSV_Handler
    startup_stm32f407xx.o(RESET) refers to stm32f4xx_it.o(.text.SysTick_Handler) for SysTick_Handler
    startup_stm32f407xx.o(RESET) refers to stm32f4xx_it.o(.text.DMA1_Stream0_IRQHandler) for DMA1_Stream0_IRQHandler
    startup_stm32f407xx.o(RESET) refers to stm32f4xx_it.o(.text.DMA1_Stream2_IRQHandler) for DMA1_Stream2_IRQHandler
    startup_stm32f407xx.o(RESET) refers to stm32f4xx_it.o(.text.DMA1_Stream6_IRQHandler) for DMA1_Stream6_IRQHandler
    startup_stm32f407xx.o(RESET) refers to stm32f4xx_it.o(.text.I2C1_EV_IRQHandler) for I2C1_EV_IRQHandler
    startup_stm32f407xx.o(RESET) refers to stm32f4xx_it.o(.text.I2C2_EV_IRQHandler) for I2C2_EV_IRQHandler
    startup_stm32f407xx.o(RESET) refers to stm32f4xx_it.o(.text.USART1_IRQHandler) for USART1_IRQHandler
    startup_stm32f407xx.o(RESET) refers to stm32f4xx_it.o(.text.DMA1_Stream7_IRQHandler) for DMA1_Stream7_IRQHandler
    startup_stm32f407xx.o(RESET) refers to stm32f4xx_it.o(.text.DMA2_Stream2_IRQHandler) for DMA2_Stream2_IRQHandler
    startup_stm32f407xx.o(RESET) refers to stm32f4xx_it.o(.text.DMA2_Stream7_IRQHandler) for DMA2_Stream7_IRQHandler
    startup_stm32f407xx.o(.text) refers to system_stm32f4xx.o(.text.SystemInit) for SystemInit
    startup_stm32f407xx.o(.text) refers to entry.o(.ARM.Collect$$$$00000000) for __main
    main.o(.text.Clear_Usart) refers to memseta.o(.text) for __aeabi_memclr
    main.o(.ARM.exidx.text.Clear_Usart) refers to main.o(.text.Clear_Usart) for [Anonymous Symbol]
    main.o(.text.main) refers to stm32f4xx_hal.o(.text.HAL_Init) for HAL_Init
    main.o(.text.main) refers to main.o(.text.SystemClock_Config) for SystemClock_Config
    main.o(.text.main) refers to gpio.o(.text.MX_GPIO_Init) for MX_GPIO_Init
    main.o(.text.main) refers to dma.o(.text.MX_DMA_Init) for MX_DMA_Init
    main.o(.text.main) refers to tim.o(.text.MX_TIM1_Init) for MX_TIM1_Init
    main.o(.text.main) refers to tim.o(.text.MX_TIM2_Init) for MX_TIM2_Init
    main.o(.text.main) refers to tim.o(.text.MX_TIM3_Init) for MX_TIM3_Init
    main.o(.text.main) refers to tim.o(.text.MX_TIM4_Init) for MX_TIM4_Init
    main.o(.text.main) refers to tim.o(.text.MX_TIM5_Init) for MX_TIM5_Init
    main.o(.text.main) refers to tim.o(.text.MX_TIM8_Init) for MX_TIM8_Init
    main.o(.text.main) refers to tim.o(.text.MX_TIM9_Init) for MX_TIM9_Init
    main.o(.text.main) refers to tim.o(.text.MX_TIM13_Init) for MX_TIM13_Init
    main.o(.text.main) refers to i2c.o(.text.MX_I2C1_Init) for MX_I2C1_Init
    main.o(.text.main) refers to i2c.o(.text.MX_I2C2_Init) for MX_I2C2_Init
    main.o(.text.main) refers to usart.o(.text.MX_USART1_UART_Init) for MX_USART1_UART_Init
    main.o(.text.main) refers to tim.o(.text.Pwm_Init_9) for Pwm_Init_9
    main.o(.text.main) refers to tim.o(.text.PWM_SET_9) for PWM_SET_9
    main.o(.text.main) refers to stm32f4xx_it.o(.bss.usart1_rx) for usart1_rx
    main.o(.text.main) refers to memseta.o(.text) for __aeabi_memclr
    main.o(.text.main) refers to usart.o(.bss.huart1) for huart1
    main.o(.text.main) refers to stm32f4xx_hal_uart.o(.text.HAL_UART_Receive_DMA) for HAL_UART_Receive_DMA
    main.o(.text.main) refers to i2c.o(.bss.hi2c2) for hi2c2
    main.o(.text.main) refers to i2c.o(.bss.hi2c1) for hi2c1
    main.o(.text.main) refers to smartwind.o(.text.fan_init) for fan_init
    main.o(.ARM.exidx.text.main) refers to main.o(.text.main) for [Anonymous Symbol]
    main.o(.text.SystemClock_Config) refers to stm32f4xx_hal_rcc.o(.text.HAL_RCC_OscConfig) for HAL_RCC_OscConfig
    main.o(.text.SystemClock_Config) refers to stm32f4xx_hal_rcc.o(.text.HAL_RCC_ClockConfig) for HAL_RCC_ClockConfig
    main.o(.ARM.exidx.text.SystemClock_Config) refers to main.o(.text.SystemClock_Config) for [Anonymous Symbol]
[...]
    Removing pca9685.o(.ARM.exidx.text.pca9685_is_sleeping), (8 bytes).
    Removing pca9685.o(.text.pca9685_sleep), (112 bytes).
    Removing pca9685.o(.ARM.exidx.text.pca9685_sleep), (8 bytes).
    Removing pca9685.o(.ARM.exidx.text.pca9685_set_channel_pwm_times), (8 bytes).
    Removing pca9685.o(.text.pca9685_set_channel_duty_cycle), (220 bytes).
    Removing pca9685.o(.ARM.exidx.text.pca9685_set_channel_duty_cycle), (8 bytes).
    Removing pca9685.o(.rodata.CIEL_8_12), (512 bytes).
    Removing smartwind.o(.text), (0 bytes).
    Removing smartwind.o(.text.fan_buf_clear), (20 bytes).
    Removing smartwind.o(.ARM.exidx.text.fan_buf_clear), (8 bytes).
    Removing smartwind.o(.ARM.exidx.text.fan_init), (8 bytes).
    Removing smartwind.o(.ARM.exidx.text.fan_device_detect), (8 bytes).
    Removing smartwind.o(.text.fan_callibration), (58 bytes).
    Removing smartwind.o(.ARM.exidx.text.fan_callibration), (8 bytes).
    Removing smartwind.o(.text.fan_set_pwm), (184 bytes).
    Removing smartwind.o(.ARM.exidx.text.fan_set_pwm), (8 bytes).
    Removing smartwind.o(.text.fan_wave_initialize), (180 bytes).
    Removing smartwind.o(.ARM.exidx.text.fan_wave_initialize), (8 bytes).
    Removing smartwind.o(.text.fan_wave_update), (152 bytes).
    Removing smartwind.o(.ARM.exidx.text.fan_wave_update), (8 bytes).
    Removing smartwind.o(.text.fan_set_col), (292 bytes).
    Removing smartwind.o(.ARM.exidx.text.fan_set_col), (8 bytes).
    Removing smartwind.o(.text.fan_set_row), (212 bytes).
    Removing smartwind.o(.ARM.exidx.text.fan_set_row), (8 bytes).
    Removing smartwind.o(.ARM.exidx.text.fan_set_all), (8 bytes).
    Removing smartwind.o(.text.fan_stop), (8 bytes).
    Removing smartwind.o(.ARM.exidx.text.fan_stop), (8 bytes).
    Removing smartwind.o(.text.fan_mode_echo), (36 bytes).
    Removing smartwind.o(.ARM.exidx.text.fan_mode_echo), (8 bytes).
    Removing smartwind.o(.text.fan_gust_initialize), (154 bytes).
    Removing smartwind.o(.ARM.exidx.text.fan_gust_initialize), (8 bytes).
    Removing smartwind.o(.text.fan_gust_update), (84 bytes).
    Removing smartwind.o(.ARM.exidx.text.fan_gust_update), (8 bytes).
    Removing dadd.o(.text), (334 bytes).
    Removing dmul.o(.text), (228 bytes).
    Removing ddiv.o(.text), (222 bytes).
    Removing dflti.o(.text), (34 bytes).
    Removing dfltui.o(.text), (26 bytes).
    Removing dfixi.o(.text), (62 bytes).
    Removing dfixui.o(.text), (50 bytes).
    Removing f2d.o(.text), (38 bytes).
    Removing depilogue.o(.text), (186 bytes).
    Removing dneg.o(.text), (6 bytes).
    Removing dfixul.o(.text), (48 bytes).
    Removing cdrcmple.o(.text), (48 bytes).

899 unused section(s) (total 58628 bytes) removed from the image.

==============================================================================

Image Symbol Table

    Local Symbols

    Symbol Name                              Value     Ov Type        Size  Object(Section)

    ../clib/division.s                       0x00000000   Number         0  aeabi_sdiv.o ABSOLUTE
    ../clib/microlib/ctype/ctype.c           0x00000000   Number         0  isspace_c.o ABSOLUTE
    ../clib/microlib/ctype/ctype.c           0x00000000   Number         0  ctype_c.o ABSOLUTE
    ../clib/microlib/division.c              0x00000000   Number         0  uldiv.o ABSOLUTE
    ../clib/microlib/division.c              0x00000000   Number         0  uidiv.o ABSOLUTE
    ../clib/microlib/errno.c                 0x00000000   Number         0  errno.o ABSOLUTE
    ../clib/microlib/init/entry.s            0x00000000   Number         0  entry.o ABSOLUTE
    ../clib/microlib/init/entry.s            0x00000000   Number         0  entry2.o ABSOLUTE
    ../clib/microlib/init/entry.s            0x00000000   Number         0  entry5.o ABSOLUTE
    ../clib/microlib/init/entry.s            0x00000000   Number         0  entry7a.o ABSOLUTE
    ../clib/microlib/init/entry.s            0x00000000   Number         0  entry7b.o ABSOLUTE
    ../clib/microlib/init/entry.s            0x00000000   Number         0  entry8a.o ABSOLUTE
    ../clib/microlib/init/entry.s            0x00000000   Number         0  entry8b.o ABSOLUTE
    ../clib/microlib/init/entry.s            0x00000000   Number         0  entry9a.o ABSOLUTE
    ../clib/microlib/init/entry.s            0x00000000   Number         0  entry9b.o ABSOLUTE
    ../clib/microlib/init/entry.s            0x00000000   Number         0  entry10a.o ABSOLUTE
    ../clib/microlib/init/entry.s            0x00000000   Number         0  entry10b.o ABSOLUTE
    ../clib/microlib/init/entry.s            0x00000000   Number         0  entry11a.o ABSOLUTE
    ../clib/microlib/init/entry.s            0x00000000   Number         0  entry11b.o ABSOLUTE
    ../clib/microlib/longlong.c              0x00000000   Number         0  llshl.o ABSOLUTE
    ../clib/microlib/longlong.c              0x00000000   Number         0  llushr.o ABSOLUTE
    ../clib/microlib/longlong.c              0x00000000   Number         0  llsshr.o ABSOLUTE
    ../clib/microlib/printf/printf.c         0x00000000   Number         0  printfb.o ABSOLUTE
    ../clib/microlib/printf/printf.c         0x00000000   Number         0  printf0.o ABSOLUTE
    ../clib/microlib/printf/printf.c         0x00000000   Number         0  printf1.o ABSOLUTE
    ../clib/microlib/printf/printf.c         0x00000000   Number         0  printf2.o ABSOLUTE
    ../clib/microlib/printf/printf.c         0x00000000   Number         0  printf3.o ABSOLUTE
    ../clib/microlib/printf/printf.c         0x00000000   Number         0  printf4.o ABSOLUTE
    ../clib/microlib/printf/printf.c         0x00000000   Number         0  printf5.o ABSOLUTE
    ../clib/microlib/printf/printf.c         0x00000000   Number         0  printf6.o ABSOLUTE
    ../clib/microlib/printf/printf.c         0x00000000   Number         0  printf7.o ABSOLUTE
    ../clib/microlib/printf/printf.c         0x00000000   Number         0  printf8.o ABSOLUTE
    ../clib/microlib/printf/printf.c         0x00000000   Number         0  printfa.o ABSOLUTE
    ../clib/microlib/printf/stubs.s          0x00000000   Number         0  printfstubs.o ABSOLUTE
    ../clib/microlib/stdio/fgetc.c           0x00000000   Number         0  fgetc_b.o ABSOLUTE
    ../clib/microlib/stdio/semi.s            0x00000000   Number         0  semi.o ABSOLUTE
    ../clib/microlib/stdio/streams.c         0x00000000   Number         0  stdin.o ABSOLUTE
    ../clib/microlib/stdio/streams.c         0x00000000   Number         0  stdout.o ABSOLUTE
    ../clib/microlib/string/memset.c         0x00000000   Number         0  memseta.o ABSOLUTE
    ../clib/microlib/stubs.s                 0x00000000   Number         0  iusefp.o ABSOLUTE
    ../clib/microlib/stubs.s                 0x00000000   Number         0  iusesemig.o ABSOLUTE
    ../clib/scanf.c                          0x00000000   Number         0  __0scanf.o ABSOLUTE
    ../clib/scanf.c                          0x00000000   Number         0  _scanf_str.o ABSOLUTE
    ../clib/scanf.c                          0x00000000   Number         0  scanf_char_file.o ABSOLUTE
    ../clib/scanf.c                          0x00000000   Number         0  scanf_char.o ABSOLUTE
    ../clib/scanf.c                          0x00000000   Number         0  _scanf.o ABSOLUTE
    ../fplib/microlib/f2d.c                  0x00000000   Number         0  f2d.o ABSOLUTE
    ../fplib/microlib/fpadd.c                0x00000000   Number         0  dadd.o ABSOLUTE
    ../fplib/microlib/fpdiv.c                0x00000000   Number         0  ddiv.o ABSOLUTE
    ../fplib/microlib/fpepilogue.c           0x00000000   Number         0  depilogue.o ABSOLUTE
    ../fplib/microlib/fpepilogue.c           0x00000000   Number         0  fepilogue.o ABSOLUTE
    ../fplib/microlib/fpfix.c                0x00000000   Number         0  dfixi.o ABSOLUTE
    ../fplib/microlib/fpfix.c                0x00000000   Number         0  dfixui.o ABSOLUTE
    ../fplib/microlib/fpfix.c                0x00000000   Number         0  dfixul.o ABSOLUTE
    ../fplib/microlib/fpflt.c                0x00000000   Number         0  dflti.o ABSOLUTE
    ../fplib/microlib/fpflt.c                0x00000000   Number         0  dfltui.o ABSOLUTE
    ../fplib/microlib/fpmul.c                0x00000000   Number         0  dmul.o ABSOLUTE
    ../fplib/microlib/fpneg.c                0x00000000   Number         0  dneg.o ABSOLUTE
    ../fplib/microlib/fprnd.c                0x00000000   Number         0  frnd.o ABSOLUTE
    ../mathlib/cos_i.c                       0x00000000   Number         0  cos_i.o ABSOLUTE
    ../mathlib/dunder.c                      0x00000000   Number         0  dunder.o ABSOLUTE
    ../mathlib/fabs.c                        0x00000000   Number         0  fabs.o ABSOLUTE
    ../mathlib/fpclassify.c                  0x00000000   Number         0  fpclassify.o ABSOLUTE
    ../mathlib/poly.c                        0x00000000   Number         0  poly.o ABSOLUTE
    ../mathlib/round.c                       0x00000000   Number         0  roundf.o ABSOLUTE
    ../mathlib/rred.c                        0x00000000   Number         0  rred.o ABSOLUTE
    ../mathlib/sin.c                         0x00000000   Number         0  sin.o ABSOLUTE
    ../mathlib/sin_i.c                       0x00000000   Number         0  sin_i.o ABSOLUTE
    cdrcmple.s                               0x00000000   Number         0  cdrcmple.o ABSOLUTE
    dc.s                                     0x00000000   Number         0  dc.o ABSOLUTE
    dma.c                                    0x00000000   Number         0  dma.o ABSOLUTE
    gpio.c                                   0x00000000   Number         0  gpio.o ABSOLUTE
    handlers.s                               0x00000000   Number         0  handlers.o ABSOLUTE
    i2c.c                                    0x00000000   Number         0  i2c.o ABSOLUTE
    init.s                                   0x00000000   Number         0  init.o ABSOLUTE
    main.c                                   0x00000000   Number         0  main.o ABSOLUTE
    pca9685.c                                0x00000000   Number         0  pca9685.o ABSOLUTE
    smartwind.c                              0x00000000   Number         0  smartwind.o ABSOLUTE
    startup_stm32f407xx.s                    0x00000000   Number         0  startup_stm32f407xx.o ABSOLUTE
    stm32f4xx_hal.c                          0x00000000   Number         0  stm32f4xx_hal.o ABSOLUTE
    stm32f4xx_hal_cortex.c                   0x00000000   Number         0  stm32f4xx_hal_cortex.o ABSOLUTE
    stm32f4xx_hal_dma.c                      0x00000000   Number         0  stm32f4xx_hal_dma.o ABSOLUTE
    stm32f4xx_hal_dma_ex.c                   0x00000000   Number         0  stm32f4xx_hal_dma_ex.o ABSOLUTE
    stm32f4xx_hal_exti.c                     0x00000000   Number         0  stm32f4xx_hal_exti.o ABSOLUTE
    stm32f4xx_hal_flash.c                    0x00000000   Number         0  stm32f4xx_hal_flash.o ABSOLUTE
    stm32f4xx_hal_flash_ex.c                 0x00000000   Number         0  stm32f4xx_hal_flash_ex.o ABSOLUTE
    stm32f4xx_hal_flash_ramfunc.c            0x00000000   Number         0  stm32f4xx_hal_flash_ramfunc.o ABSOLUTE
    stm32f4xx_hal_gpio.c                     0x00000000   Number         0  stm32f4xx_hal_gpio.o ABSOLUTE
    stm32f4xx_hal_i2c.c                      0x00000000   Number         0  stm32f4xx_hal_i2c.o ABSOLUTE
    stm32f4xx_hal_i2c_ex.c                   0x00000000   Number         0  stm32f4xx_hal_i2c_ex.o ABSOLUTE
    stm32f4xx_hal_msp.c                      0x00000000   Number         0  stm32f4xx_hal_msp.o ABSOLUTE
    stm32f4xx_hal_pwr.c                      0x00000000   Number         0  stm32f4xx_hal_pwr.o ABSOLUTE
    stm32f4xx_hal_pwr_ex.c                   0x00000000   Number         0  stm32f4xx_hal_pwr_ex.o ABSOLUTE
    stm32f4xx_hal_rcc.c                      0x00000000   Number         0  stm32f4xx_hal_rcc.o ABSOLUTE
    stm32f4xx_hal_rcc_ex.c                   0x00000000   Number         0  stm32f4xx_hal_rcc_ex.o ABSOLUTE
    stm32f4xx_hal_tim.c                      0x00000000   Number         0  stm32f4xx_hal_tim.o ABSOLUTE
    stm32f4xx_hal_tim_ex.c                   0x00000000   Number         0  stm32f4xx_hal_tim_ex.o ABSOLUTE
    stm32f4xx_hal_uart.c                     0x00000000   Number         0  stm32f4xx_hal_uart.o ABSOLUTE
    stm32f4xx_it.c                           0x00000000   Number         0  stm32f4xx_it.o ABSOLUTE
    system_stm32f4xx.c                       0x00000000   Number         0  system_stm32f4xx.o ABSOLUTE
    tim.c                                    0x00000000   Number         0  tim.o ABSOLUTE
    usart.c                                  0x00000000   Number         0  usart.o ABSOLUTE
    RESET                                    0x08000000   Section      392  startup_stm32f407xx.o(RESET)
    .ARM.Collect$$$$00000000                 0x08000188   Section        0  entry.o(.ARM.Collect$$$$00000000)
    .ARM.Collect$$$$00000001                 0x08000188   Section        4  entry2.o(.ARM.Collect$$$$00000001)
    .ARM.Collect$$$$00000004                 0x0800018c   Section        4  entry5.o(.ARM.Collect$$$$00000004)
    .ARM.Collect$$$$00000008                 0x08000190   Section        0  entry7b.o(.ARM.Collect$$$$00000008)
    .ARM.Collect$$$$0000000A                 0x08000190   Section        0  entry8b.o(.ARM.Collect$$$$0000000A)
    .ARM.Collect$$$$0000000B                 0x08000190   Section        8  entry9a.o(.ARM.Collect$$$$0000000B)
    __lit__00000000                          0x08000198   Data           4  entry2.o(.ARM.Collect$$$$00002712)
    .ARM.Collect$$$$0000000D                 0x08000198   Section        0  entry10a.o(.ARM.Collect$$$$0000000D)
    .ARM.Collect$$$$0000000F                 0x08000198   Section        0  entry11a.o(.ARM.Collect$$$$0000000F)
    .ARM.Collect$$$$00002712                 0x08000198   Section        4  entry2.o(.ARM.Collect$$$$00002712)
    $v0                                      0x0800019c   Number         0  startup_stm32f407xx.o(.text)
    .text                                    0x0800019c   Section       36  startup_stm32f407xx.o(.text)
    .text                                    0x080001c0   Section        0  uldiv.o(.text)
    .text                                    0x08000222   Section        0  memseta.o(.text)
    .text                                    0x08000246   Section        0  _scanf_str.o(.text)
    .text                                    0x08000326   Section        0  uidiv.o(.text)
    .text                                    0x08000352   Section        0  llshl.o(.text)
    .text                                    0x08000370   Section        0  llushr.o(.text)
    .text                                    0x08000390   Section        0  iusefp.o(.text)
    .text                                    0x08000390   Section        0  frnd.o(.text)
    .text                                    0x080003cc   Section       36  init.o(.text)
    .text                                    0x080003f0   Section        0  fepilogue.o(.text)
    [Anonymous Symbol]                       0x08000460   Section        0  stm32f4xx_it.o(.text.BusFault_Handler)
    [Anonymous Symbol]                       0x08000464   Section        0  stm32f4xx_it.o(.text.DMA1_Stream0_IRQHandler)
    [Anonymous Symbol]                       0x08000470   Section        0  stm32f4xx_it.o(.text.DMA1_Stream2_IRQHandler)
    [Anonymous Symbol]                       0x0800047c   Section        0  stm32f4xx_it.o(.text.DMA1_Stream6_IRQHandler)
    [Anonymous Symbol]                       0x08000488   Section        0  stm32f4xx_it.o(.text.DMA1_Stream7_IRQHandler)
    [Anonymous Symbol]                       0x08000494   Section        0  stm32f4xx_it.o(.text.DMA2_Stream2_IRQHandler)
    [Anonymous Symbol]                       0x080004a0   Section        0  stm32f4xx_it.o(.text.DMA2_Stream7_IRQHandler)
    [Anonymous Symbol]                       0x080004ac   Section        0  stm32f4xx_it.o(.text.DebugMon_Handler)
    [Anonymous Symbol]                       0x080004b0   Section        0  main.o(.text.Error_Handler)
    [Anonymous Symbol]                       0x080004bc   Section        0  stm32f4xx_hal_dma.o(.text.HAL_DMA_Abort)
    [Anonymous Symbol]                       0x0800054c   Section        0  stm32f4xx_hal_dma.o(.text.HAL_DMA_Abort_IT)
    [Anonymous Symbol]                       0x08000570   Section        0  stm32f4xx_hal_dma.o(.text.HAL_DMA_GetState)
    [Anonymous Symbol]                       0x08000578   Section        0  stm32f4xx_hal_dma.o(.text.HAL_DMA_IRQHandler)
    [Anonymous Symbol]                       0x08000738   Section        0  stm32f4xx_hal_dma.o(.text.HAL_DMA_Init)
    [Anonymous Symbol]                       0x0800089c   Section        0  stm32f4xx_hal_dma.o(.text.HAL_DMA_Start_IT)
    [Anonymous Symbol]                       0x0800093c   Section        0  stm32f4xx_hal.o(.text.HAL_Delay)
    [Anonymous Symbol]                       0x08000964   Section        0  stm32f4xx_hal_gpio.o(.text.HAL_GPIO_Init)
    [Anonymous Symbol]                       0x08000b08   Section        0  stm32f4xx_hal_gpio.o(.text.HAL_GPIO_WritePin)
    [Anonymous Symbol]                       0x08000b14   Section        0  stm32f4xx_hal.o(.text.HAL_GetTick)
    [Anonymous Symbol]                       0x08000b20   Section        0  stm32f4xx_hal_i2c.o(.text.HAL_I2C_AbortCpltCallback)
    [Anonymous Symbol]                       0x08000b24   Section        0  stm32f4xx_hal_i2c.o(.text.HAL_I2C_AddrCallback)
    [Anonymous Symbol]                       0x08000b28   Section        0  stm32f4xx_hal_i2c.o(.text.HAL_I2C_EV_IRQHandler)
    [Anonymous Symbol]                       0x08001134   Section        0  stm32f4xx_hal_i2c.o(.text.HAL_I2C_ErrorCallback)
    [Anonymous Symbol]                       0x08001138   Section        0  stm32f4xx_hal_i2c.o(.text.HAL_I2C_Init)
    [Anonymous Symbol]                       0x080012b0   Section        0  stm32f4xx_hal_i2c.o(.text.HAL_I2C_IsDeviceReady)
    [Anonymous Symbol]                       0x080014d8   Section        0  stm32f4xx_hal_i2c.o(.text.HAL_I2C_ListenCpltCallback)
    [Anonymous Symbol]                       0x080014dc   Section        0  stm32f4xx_hal_i2c.o(.text.HAL_I2C_MasterRxCpltCallback)
    [Anonymous Symbol]                       0x080014e0   Section        0  stm32f4xx_hal_i2c.o(.text.HAL_I2C_MasterTxCpltCallback)
    [Anonymous Symbol]                       0x080014e4   Section        0  stm32f4xx_hal_i2c.o(.text.HAL_I2C_Master_Receive)
    [Anonymous Symbol]                       0x08001ae8   Section        0  stm32f4xx_hal_i2c.o(.text.HAL_I2C_Master_Transmit)
    [Anonymous Symbol]                       0x08001f60   Section        0  stm32f4xx_hal_i2c.o(.text.HAL_I2C_MemRxCpltCallback)
    [Anonymous Symbol]                       0x08001f64   Section        0  stm32f4xx_hal_i2c.o(.text.HAL_I2C_MemTxCpltCallback)
    [Anonymous Symbol]                       0x08001f68   Section        0  i2c.o(.text.HAL_I2C_MspInit)
    [Anonymous Symbol]                       0x0800214c   Section        0  stm32f4xx_hal_i2c.o(.text.HAL_I2C_SlaveRxCpltCallback)
    [Anonymous Symbol]                       0x08002150   Section        0  stm32f4xx_hal_i2c.o(.text.HAL_I2C_SlaveTxCpltCallback)
    [Anonymous Symbol]                       0x08002154   Section        0  stm32f4xx_hal.o(.text.HAL_IncTick)
    [Anonymous Symbol]                       0x08002170   Section        0  stm32f4xx_hal.o(.text.HAL_Init)
    [Anonymous Symbol]                       0x080021a8   Section        0  stm32f4xx_hal.o(.text.HAL_InitTick)
    [Anonymous Symbol]                       0x080021f0   Section        0  stm32f4xx_hal_msp.o(.text.HAL_MspInit)
    [Anonymous Symbol]                       0x08002228   Section        0  stm32f4xx_hal_cortex.o(.text.HAL_NVIC_EnableIRQ)
    [Anonymous Symbol]                       0x08002250   Section        0  stm32f4xx_hal_cortex.o(.text.HAL_NVIC_SetPriority)
    [Anonymous Symbol]                       0x080022a8   Section        0  stm32f4xx_hal_cortex.o(.text.HAL_NVIC_SetPriorityGrouping)
    [Anonymous Symbol]                       0x080022c8   Section        0  stm32f4xx_hal_rcc.o(.text.HAL_RCC_ClockConfig)
    [Anonymous Symbol]                       0x08002428   Section        0  stm32f4xx_hal_rcc.o(.text.HAL_RCC_GetPCLK1Freq)
    [Anonymous Symbol]                       0x08002450   Section        0  stm32f4xx_hal_rcc.o(.text.HAL_RCC_GetPCLK2Freq)
    [Anonymous Symbol]                       0x08002478   Section        0  stm32f4xx_hal_rcc.o(.text.HAL_RCC_GetSysClockFreq)
    [Anonymous Symbol]                       0x080024e4   Section        0  stm32f4xx_hal_rcc.o(.text.HAL_RCC_OscConfig)
    [Anonymous Symbol]                       0x08002858   Section        0  stm32f4xx_hal_cortex.o(.text.HAL_SYSTICK_Config)
    [Anonymous Symbol]                       0x08002884   Section        0  stm32f4xx_hal_tim_ex.o(.text.HAL_TIMEx_ConfigBreakDeadTime)
    [Anonymous Symbol]                       0x080028d0   Section        0  stm32f4xx_hal_tim_ex.o(.text.HAL_TIMEx_MasterConfigSynchronization)
    [Anonymous Symbol]                       0x08002988   Section        0  stm32f4xx_hal_tim.o(.text.HAL_TIM_Base_Init)
    [Anonymous Symbol]                       0x080029e4   Section        0  tim.o(.text.HAL_TIM_Base_MspInit)
    [Anonymous Symbol]                       0x08002a1c   Section        0  tim.o(.text.HAL_TIM_MspPostInit)
    [Anonymous Symbol]                       0x08002ce0   Section        0  stm32f4xx_hal_tim.o(.text.HAL_TIM_PWM_ConfigChannel)
    [Anonymous Symbol]                       0x08002f04   Section        0  stm32f4xx_hal_tim.o(.text.HAL_TIM_PWM_Init)
    [Anonymous Symbol]                       0x08002f60   Section        0  tim.o(.text.HAL_TIM_PWM_MspInit)
    [Anonymous Symbol]                       0x080030b8   Section        0  stm32f4xx_hal_tim.o(.text.HAL_TIM_PWM_Start)
    [Anonymous Symbol]                       0x080031cc   Section        0  stm32f4xx_hal_uart.o(.text.HAL_UARTEx_RxEventCallback)
    [Anonymous Symbol]                       0x080031d0   Section        0  stm32f4xx_hal_uart.o(.text.HAL_UART_DMAStop)
    [Anonymous Symbol]                       0x080033ec   Section        0  stm32f4xx_hal_uart.o(.text.HAL_UART_ErrorCallback)
    [Anonymous Symbol]                       0x080033f0   Section        0  stm32f4xx_hal_uart.o(.text.HAL_UART_IRQHandler)
    [Anonymous Symbol]                       0x08003954   Section        0  stm32f4xx_hal_uart.o(.text.HAL_UART_Init)
    [Anonymous Symbol]                       0x080039b4   Section        0  usart.o(.text.HAL_UART_MspInit)
    [Anonymous Symbol]                       0x08003aac   Section        0  stm32f4xx_hal_uart.o(.text.HAL_UART_Receive_DMA)
    [Anonymous Symbol]                       0x08003c1c   Section        0  stm32f4xx_hal_uart.o(.text.HAL_UART_RxCpltCallback)
    [Anonymous Symbol]                       0x08003c20   Section        0  stm32f4xx_hal_uart.o(.text.HAL_UART_RxHalfCpltCallback)
    [Anonymous Symbol]                       0x08003c24   Section        0  stm32f4xx_hal_uart.o(.text.HAL_UART_Transmit)
    [Anonymous Symbol]                       0x08003eac   Section        0  stm32f4xx_hal_uart.o(.text.HAL_UART_TxCpltCallback)
    [Anonymous Symbol]                       0x08003eb0   Section        0  stm32f4xx_it.o(.text.HardFault_Handler)
    [Anonymous Symbol]                       0x08003eb4   Section        0  stm32f4xx_it.o(.text.I2C1_EV_IRQHandler)
    [Anonymous Symbol]                       0x08003ec0   Section        0  stm32f4xx_it.o(.text.I2C2_EV_IRQHandler)
    I2C_DMAAbort                             0x08003ecd   Thumb Code   290  stm32f4xx_hal_i2c.o(.text.I2C_DMAAbort)
    [Anonymous Symbol]                       0x08003ecc   Section        0  stm32f4xx_hal_i2c.o(.text.I2C_DMAAbort)
    I2C_ITError                              0x08003ff1   Thumb Code   396  stm32f4xx_hal_i2c.o(.text.I2C_ITError)
    [Anonymous Symbol]                       0x08003ff0   Section        0  stm32f4xx_hal_i2c.o(.text.I2C_ITError)
    I2C_MasterReceive_BTF                    0x0800417d   Thumb Code   232  stm32f4xx_hal_i2c.o(.text.I2C_MasterReceive_BTF)
    [Anonymous Symbol]                       0x0800417c   Section        0  stm32f4xx_hal_i2c.o(.text.I2C_MasterReceive_BTF)
    I2C_MasterReceive_RXNE                   0x08004265   Thumb Code   310  stm32f4xx_hal_i2c.o(.text.I2C_MasterReceive_RXNE)
    [Anonymous Symbol]                       0x08004264   Section        0  stm32f4xx_hal_i2c.o(.text.I2C_MasterReceive_RXNE)
    I2C_MasterTransmit_BTF                   0x0800439d   Thumb Code   130  stm32f4xx_hal_i2c.o(.text.I2C_MasterTransmit_BTF)
    [Anonymous Symbol]                       0x0800439c   Section        0  stm32f4xx_hal_i2c.o(.text.I2C_MasterTransmit_BTF)
    I2C_MasterTransmit_TXE                   0x08004421   Thumb Code   178  stm32f4xx_hal_i2c.o(.text.I2C_MasterTransmit_TXE)
    [Anonymous Symbol]                       0x08004420   Section        0  stm32f4xx_hal_i2c.o(.text.I2C_MasterTransmit_TXE)
    I2C_MemoryTransmit_TXE_BTF               0x080044d5   Thumb Code   180  stm32f4xx_hal_i2c.o(.text.I2C_MemoryTransmit_TXE_BTF)
    [Anonymous Symbol]                       0x080044d4   Section        0  stm32f4xx_hal_i2c.o(.text.I2C_MemoryTransmit_TXE_BTF)
    [Anonymous Symbol]                       0x08004588   Section        0  dma.o(.text.MX_DMA_Init)
    [Anonymous Symbol]                       0x08004624   Section        0  gpio.o(.text.MX_GPIO_Init)
    [Anonymous Symbol]                       0x080046f0   Section        0  i2c.o(.text.MX_I2C1_Init)
    [Anonymous Symbol]                       0x08004734   Section        0  i2c.o(.text.MX_I2C2_Init)
    [Anonymous Symbol]                       0x08004778   Section        0  tim.o(.text.MX_TIM13_Init)
    [Anonymous Symbol]                       0x080047fc   Section        0  tim.o(.text.MX_TIM1_Init)
    [Anonymous Symbol]                       0x08004914   Section        0  tim.o(.text.MX_TIM2_Init)
    [Anonymous Symbol]                       0x080049e4   Section        0  tim.o(.text.MX_TIM3_Init)
    [Anonymous Symbol]                       0x08004ab8   Section        0  tim.o(.text.MX_TIM4_Init)
    [Anonymous Symbol]                       0x08004b8c   Section        0  tim.o(.text.MX_TIM5_Init)
    [Anonymous Symbol]                       0x08004c60   Section        0  tim.o(.text.MX_TIM8_Init)
    [Anonymous Symbol]                       0x08004d7c   Section        0  tim.o(.text.MX_TIM9_Init)
    [Anonymous Symbol]                       0x08004de8   Section        0  usart.o(.text.MX_USART1_UART_Init)
    [Anonymous Symbol]                       0x08004e24   Section        0  stm32f4xx_it.o(.text.MemManage_Handler)
    [Anonymous Symbol]                       0x08004e28   Section        0  stm32f4xx_it.o(.text.NMI_Handler)
    [Anonymous Symbol]                       0x08004e2c   Section        0  tim.o(.text.PWM_SET_9)
    [Anonymous Symbol]                       0x08004e78   Section        0  stm32f4xx_it.o(.text.PendSV_Handler)
    [Anonymous Symbol]                       0x08004e7c   Section        0  tim.o(.text.Pwm_Init_9)
    [Anonymous Symbol]                       0x08004f50   Section        0  stm32f4xx_it.o(.text.SVC_Handler)
    [Anonymous Symbol]                       0x08004f54   Section        0  stm32f4xx_it.o(.text.SysTick_Handler)
    [Anonymous Symbol]                       0x08004f58   Section        0  main.o(.text.SystemClock_Config)
    [Anonymous Symbol]                       0x08005008   Section        0  system_stm32f4xx.o(.text.SystemInit)
    [Anonymous Symbol]                       0x0800501c   Section        0  stm32f4xx_hal_tim.o(.text.TIM_Base_SetConfig)
    UART_DMAAbortOnError                     0x08005159   Thumb Code    12  stm32f4xx_hal_uart.o(.text.UART_DMAAbortOnError)
    [Anonymous Symbol]                       0x08005158   Section        0  stm32f4xx_hal_uart.o(.text.UART_DMAAbortOnError)
    UART_DMAError                            0x08005165   Thumb Code   380  stm32f4xx_hal_uart.o(.text.UART_DMAError)
    [Anonymous Symbol]                       0x08005164   Section        0  stm32f4xx_hal_uart.o(.text.UART_DMAError)
    UART_DMAReceiveCplt                      0x080052e1   Thumb Code   346  stm32f4xx_hal_uart.o(.text.UART_DMAReceiveCplt)
    [Anonymous Symbol]                       0x080052e0   Section        0  stm32f4xx_hal_uart.o(.text.UART_DMAReceiveCplt)
    UART_DMARxHalfCplt                       0x0800543d   Thumb Code    20  stm32f4xx_hal_uart.o(.text.UART_DMARxHalfCplt)
    [Anonymous Symbol]                       0x0800543c   Section        0  stm32f4xx_hal_uart.o(.text.UART_DMARxHalfCplt)
    UART_Receive_IT                          0x08005451   Thumb Code   254  stm32f4xx_hal_uart.o(.text.UART_Receive_IT)
    [Anonymous Symbol]                       0x08005450   Section        0  stm32f4xx_hal_uart.o(.text.UART_Receive_IT)
    UART_SetConfig                           0x08005551   Thumb Code   238  stm32f4xx_hal_uart.o(.text.UART_SetConfig)
    [Anonymous Symbol]                       0x08005550   Section        0  stm32f4xx_hal_uart.o(.text.UART_SetConfig)
    [Anonymous Symbol]                       0x08005640   Section        0  stm32f4xx_it.o(.text.USART1_IRQHandler)
    [Anonymous Symbol]                       0x08005690   Section        0  stm32f4xx_it.o(.text.UsageFault_Handler)
    [Anonymous Symbol]                       0x08005694   Section        0  smartwind.o(.text.fan_device_detect)
    [Anonymous Symbol]                       0x08005724   Section        0  smartwind.o(.text.fan_init)
    [Anonymous Symbol]                       0x080057bc   Section        0  smartwind.o(.text.fan_set_all)
    [Anonymous Symbol]                       0x08005898   Section        0  stm32f4xx_hal_msp.o(.text.fputc)
    [Anonymous Symbol]                       0x080058b8   Section        0  main.o(.text.main)
    [Anonymous Symbol]                       0x08005958   Section        0  pca9685.o(.text.pca9685_init)
    [Anonymous Symbol]                       0x080059e0   Section        0  pca9685.o(.text.pca9685_set_channel_pwm_times)
    [Anonymous Symbol]                       0x08005a1c   Section        0  pca9685.o(.text.pca9685_set_pwm_frequency)
    [Anonymous Symbol]                       0x08005b34   Section        0  pca9685.o(.text.pca9685_wakeup)
    i.__0printf$3                            0x08005bf0   Section        0  printf3.o(i.__0printf$3)
    i.__hardfp_roundf                        0x08005c10   Section        0  roundf.o(i.__hardfp_roundf)
    i.__scatterload_copy                     0x08005caa   Section       14  handlers.o(i.__scatterload_copy)
    i.__scatterload_null                     0x08005cb8   Section        2  handlers.o(i.__scatterload_null)
    i.__scatterload_zeroinit                 0x08005cba   Section       14  handlers.o(i.__scatterload_zeroinit)
    _printf_core                             0x08005cc9   Thumb Code   436  printf3.o(i._printf_core)
    i._printf_core                           0x08005cc8   Section        0  printf3.o(i._printf_core)
    .L__const.fan_set_pwm.channel_map        0x08005e80   Data          64  smartwind.o(.rodata..L__const.fan_set_pwm.channel_map)
    DMA_CalcBaseAndBitshift.flagBitshiftOffset 0x08005ed8   Data           8  stm32f4xx_hal_dma.o(.rodata.cst8)
    [Anonymous Symbol]                       0x08005ed8   Section        0  stm32f4xx_hal_dma.o(.rodata.cst8)
    .L.str.1                                 0x08005ee0   Data          10  smartwind.o(.rodata.str1.1)
    [Anonymous Symbol]                       0x08005ee0   Section        0  smartwind.o(.rodata.str1.1)
    .L.str.2                                 0x08005eea   Data          10  smartwind.o(.rodata.str1.1)
    .L.str.3                                 0x08005ef4   Data           3  smartwind.o(.rodata.str1.1)
    .data                                    0x20000000   Section        4  stdout.o(.data)
    .L_MergedGlobals                         0x20000004   Data           8  stm32f4xx_hal.o(.data..L_MergedGlobals)
    [Anonymous Symbol]                       0x20000004   Section        0  stm32f4xx_hal.o(.data..L_MergedGlobals)
    STACK                                    0x200008a0   Section     1024  startup_stm32f407xx.o(STACK)

    Global Symbols

    Symbol Name                              Value     Ov Type        Size  Object(Section)

    BuildAttributes$$THM_ISAv4$E$P$D$K$B$S$7EM$VFPi3$EXTD16$VFPS$VFMA$PE$A:L22UL41UL21$X:L11$S22US41US21$IEEE1$IW$~IW$USESV6$~STKCKD$USESV7$~SHL$OTIME$ROPI$IEEEX$EBA8$MICROLIB$REQ8$PRES8$EABIv2 0x00000000   Number         0  anon$$obj.o ABSOLUTE
    _printf_a                                0x00000000   Number         0  printfstubs.o ABSOLUTE
    _printf_c                                0x00000000   Number         0  printfstubs.o ABSOLUTE
    _printf_charcount                        0x00000000   Number         0  printfstubs.o ABSOLUTE
    _printf_d                                0x00000000   Number         0  printfstubs.o ABSOLUTE
    _printf_e                                0x00000000   Number         0  printfstubs.o ABSOLUTE
    _printf_f                                0x00000000   Number         0  printfstubs.o ABSOLUTE
    _printf_flags                            0x00000000   Number         0  printfstubs.o ABSOLUTE
    _printf_fp_dec                           0x00000000   Number         0  printfstubs.o ABSOLUTE
    _printf_fp_hex                           0x00000000   Number         0  printfstubs.o ABSOLUTE
    _printf_g                                0x00000000   Number         0  printfstubs.o ABSOLUTE
    _printf_i                                0x00000000   Number         0  printfstubs.o ABSOLUTE
    _printf_int_dec                          0x00000000   Number         0  printfstubs.o ABSOLUTE
    _printf_l                                0x00000000   Number         0  printfstubs.o ABSOLUTE
    _printf_lc                               0x00000000   Number         0  printfstubs.o ABSOLUTE
    _printf_ll                               0x00000000   Number         0  printfstubs.o ABSOLUTE
    _printf_lld                              0x00000000   Number         0  printfstubs.o ABSOLUTE
    _printf_lli                              0x00000000   Number         0  printfstubs.o ABSOLUTE
    _printf_llo                              0x00000000   Number         0  printfstubs.o ABSOLUTE
    _printf_llu                              0x00000000   Number         0  printfstubs.o ABSOLUTE
    _printf_llx                              0x00000000   Number         0  printfstubs.o ABSOLUTE
    _printf_longlong_dec                     0x00000000   Number         0  printfstubs.o ABSOLUTE
    _printf_longlong_hex                     0x00000000   Number         0  printfstubs.o ABSOLUTE
    _printf_longlong_oct                     0x00000000   Number         0  printfstubs.o ABSOLUTE
    _printf_ls                               0x00000000   Number         0  printfstubs.o ABSOLUTE
    _printf_mbtowc                           0x00000000   Number         0  printfstubs.o ABSOLUTE
    _printf_n                                0x00000000   Number         0  printfstubs.o ABSOLUTE
    _printf_o                                0x00000000   Number         0  printfstubs.o ABSOLUTE
    _printf_p                                0x00000000   Number         0  printfstubs.o ABSOLUTE
    _printf_percent                          0x00000000   Number         0  printfstubs.o ABSOLUTE
    _printf_pre_padding                      0x00000000   Number         0  printfstubs.o ABSOLUTE
    _printf_return_value                     0x00000000   Number         0  printfstubs.o ABSOLUTE
    _printf_s                                0x00000000   Number         0  printfstubs.o ABSOLUTE
    _printf_sizespec                         0x00000000   Number         0  printfstubs.o ABSOLUTE
    _printf_str                              0x00000000   Number         0  printfstubs.o ABSOLUTE
    _printf_truncate_signed                  0x00000000   Number         0  printfstubs.o ABSOLUTE
    _printf_truncate_unsigned                0x00000000   Number         0  printfstubs.o ABSOLUTE
    _printf_u                                0x00000000   Number         0  printfstubs.o ABSOLUTE
    _printf_wc                               0x00000000   Number         0  printfstubs.o ABSOLUTE
    _printf_wctomb                           0x00000000   Number         0  printfstubs.o ABSOLUTE
    _printf_widthprec                        0x00000000   Number         0  printfstubs.o ABSOLUTE
    _printf_x                                0x00000000   Number         0  printfstubs.o ABSOLUTE
    __cpp_initialize__aeabi_                  - Undefined Weak Reference
    __cxa_finalize                            - Undefined Weak Reference
    __decompress                              - Undefined Weak Reference
    _clock_init                               - Undefined Weak Reference
    _microlib_exit                            - Undefined Weak Reference
    _scanf_int                                - Undefined Weak Reference
    _scanf_longlong                           - Undefined Weak Reference
    _scanf_real                               - Undefined Weak Reference
    __Vectors_Size                           0x00000188   Number         0  startup_stm32f407xx.o ABSOLUTE
    __Vectors                                0x08000000   Data           4  startup_stm32f407xx.o(RESET)
    __Vectors_End                            0x08000188   Data           0  startup_stm32f407xx.o(RESET)
    __main                                   0x08000189   Thumb Code     0  entry.o(.ARM.Collect$$$$00000000)
    _main_stk                                0x08000189   Thumb Code     0  entry2.o(.ARM.Collect$$$$00000001)
    _main_scatterload                        0x0800018d   Thumb Code     0  entry5.o(.ARM.Collect$$$$00000004)
    __main_after_scatterload                 0x08000191   Thumb Code     0  entry5.o(.ARM.Collect$$$$00000004)
    _main_clock                              0x08000191   Thumb Code     0  entry7b.o(.ARM.Collect$$$$00000008)
    _main_cpp_init                           0x08000191   Thumb Code     0  entry8b.o(.ARM.Collect$$$$0000000A)
    _main_init                               0x08000191   Thumb Code     0  entry9a.o(.ARM.Collect$$$$0000000B)
    __rt_final_cpp                           0x08000199   Thumb Code     0  entry10a.o(.ARM.Collect$$$$0000000D)
    __rt_final_exit                          0x08000199   Thumb Code     0  entry11a.o(.ARM.Collect$$$$0000000F)
    Reset_Handler                            0x0800019d   Thumb Code     8  startup_stm32f407xx.o(.text)
    ADC_IRQHandler                           0x080001b7   Thumb Code     0  startup_stm32f407xx.o(.text)
    CAN1_RX0_IRQHandler                      0x080001b7   Thumb Code     0  startup_stm32f407xx.o(.text)
    CAN1_RX1_IRQHandler                      0x080001b7   Thumb Code     0  startup_stm32f407xx.o(.text)
    CAN1_SCE_IRQHandler                      0x080001b7   Thumb Code     0  startup_stm32f407xx.o(.text)
    CAN1_TX_IRQHandler                       0x080001b7   Thumb Code     0  startup_stm32f407xx.o(.text)
    CAN2_RX0_IRQHandler                      0x080001b7   Thumb Code     0  startup_stm32f407xx.o(.text)
    CAN2_RX1_IRQHandler                      0x080001b7   Thumb Code     0  startup_stm32f407xx.o(.text)
    CAN2_SCE_IRQHandler                      0x080001b7   Thumb Code     0  startup_stm32f407xx.o(.text)
    CAN2_TX_IRQHandler                       0x080001b7   Thumb Code     0  startup_stm32f407xx.o(.text)
    DCMI_IRQHandler                          0x080001b7   Thumb Code     0  startup_stm32f407xx.o(.text)
    DMA1_Stream1_IRQHandler                  0x080001b7   Thumb Code     0  startup_stm32f407xx.o(.text)
    DMA1_Stream3_IRQHandler                  0x080001b7   Thumb Code     0  startup_stm32f407xx.o(.text)
    DMA1_Stream4_IRQHandler                  0x080001b7   Thumb Code     0  startup_stm32f407xx.o(.text)
    DMA1_Stream5_IRQHandler                  0x080001b7   Thumb Code     0  startup_stm32f407xx.o(.text)
    DMA2_Stream0_IRQHandler                  0x080001b7   Thumb Code     0  startup_stm32f407xx.o(.text)
    DMA2_Stream1_IRQHandler                  0x080001b7   Thumb Code     0  startup_stm32f407xx.o(.text)
    DMA2_Stream3_IRQHandler                  0x080001b7   Thumb Code     0  startup_stm32f407xx.o(.text)
    DMA2_Stream4_IRQHandler                  0x080001b7   Thumb Code     0  startup_stm32f407xx.o(.text)
    DMA2_Stream5_IRQHandler                  0x080001b7   Thumb Code     0  startup_stm32f407xx.o(.text)
    DMA2_Stream6_IRQHandler                  0x080001b7   Thumb Code     0  startup_stm32f407xx.o(.text)
    ETH_IRQHandler                           0x080001b7   Thumb Code     0  startup_stm32f407xx.o(.text)
    ETH_WKUP_IRQHandler                      0x080001b7   Thumb Code     0  startup_stm32f407xx.o(.text)
    EXTI0_IRQHandler                         0x080001b7   Thumb Code     0  startup_stm32f407xx.o(.text)
    EXTI15_10_IRQHandler                     0x080001b7   Thumb Code     0  startup_stm32f407xx.o(.text)
    EXTI1_IRQHandler                         0x080001b7   Thumb Code     0  startup_stm32f407xx.o(.text)
    EXTI2_IRQHandler                         0x080001b7   Thumb Code     0  startup_stm32f407xx.o(.text)
    EXTI3_IRQHandler                         0x080001b7   Thumb Code     0  startup_stm32f407xx.o(.text)
    EXTI4_IRQHandler                         0x080001b7   Thumb Code     0  startup_stm32f407xx.o(.text)
    EXTI9_5_IRQHandler                       0x080001b7   Thumb Code     0  startup_stm32f407xx.o(.text)
    FLASH_IRQHandler                         0x080001b7   Thumb Code     0  startup_stm32f407xx.o(.text)
    FMC_IRQHandler                           0x080001b7   Thumb Code     0  startup_stm32f407xx.o(.text)
    FPU_IRQHandler                           0x080001b7   Thumb Code     0  startup_stm32f407xx.o(.text)
    HASH_RNG_IRQHandler                      0x080001b7   Thumb Code     0  startup_stm32f407xx.o(.text)
    I2C1_ER_IRQHandler                       0x080001b7   Thumb Code     0  startup_stm32f407xx.o(.text)
    I2C2_ER_IRQHandler                       0x080001b7   Thumb Code     0  startup_stm32f407xx.o(.text)
    I2C3_ER_IRQHandler                       0x080001b7   Thumb Code     0  startup_stm32f407xx.o(.text)
    I2C3_EV_IRQHandler                       0x080001b7   Thumb Code     0  startup_stm32f407xx.o(.text)
    OTG_FS_IRQHandler                        0x080001b7   Thumb Code     0  startup_stm32f407xx.o(.text)
    OTG_FS_WKUP_IRQHandler                   0x080001b7   Thumb Code     0  startup_stm32f407xx.o(.text)
    OTG_HS_EP1_IN_IRQHandler                 0x080001b7   Thumb Code     0  startup_stm32f407xx.o(.text)
    OTG_HS_EP1_OUT_IRQHandler                0x080001b7   Thumb Code     0  startup_stm32f407xx.o(.text)
    OTG_HS_IRQHandler                        0x080001b7   Thumb Code     0  startup_stm32f407xx.o(.text)
    OTG_HS_WKUP_IRQHandler                   0x080001b7   Thumb Code     0  startup_stm32f407xx.o(.text)
    PVD_IRQHandler                           0x080001b7   Thumb Code     0  startup_stm32f407xx.o(.text)
    RCC_IRQHandler                           0x080001b7   Thumb Code     0  startup_stm32f407xx.o(.text)
    RTC_Alarm_IRQHandler                     0x080001b7   Thumb Code     0  startup_stm32f407xx.o(.text)
    RTC_WKUP_IRQHandler                      0x080001b7   Thumb Code     0  startup_stm32f407xx.o(.text)
    SDIO_IRQHandler                          0x080001b7   Thumb Code     0  startup_stm32f407xx.o(.text)
    SPI1_IRQHandler                          0x080001b7   Thumb Code     0  startup_stm32f407xx.o(.text)
    SPI2_IRQHandler                          0x080001b7   Thumb Code     0  startup_stm32f407xx.o(.text)
    SPI3_IRQHandler                          0x080001b7   Thumb Code     0  startup_stm32f407xx.o(.text)
    TAMP_STAMP_IRQHandler                    0x080001b7   Thumb Code     0  startup_stm32f407xx.o(.text)
    TIM1_BRK_TIM9_IRQHandler                 0x080001b7   Thumb Code     0  startup_stm32f407xx.o(.text)
    TIM1_CC_IRQHandler                       0x080001b7   Thumb Code     0  startup_stm32f407xx.o(.text)
    TIM1_TRG_COM_TIM11_IRQHandler            0x080001b7   Thumb Code     0  startup_stm32f407xx.o(.text)
    TIM1_UP_TIM10_IRQHandler                 0x080001b7   Thumb Code     0  startup_stm32f407xx.o(.text)
    TIM2_IRQHandler                          0x080001b7   Thumb Code     0  startup_stm32f407xx.o(.text)
    TIM3_IRQHandler                          0x080001b7   Thumb Code     0  startup_stm32f407xx.o(.text)
    TIM4_IRQHandler                          0x080001b7   Thumb Code     0  startup_stm32f407xx.o(.text)
    TIM5_IRQHandler                          0x080001b7   Thumb Code     0  startup_stm32f407xx.o(.text)
    TIM6_DAC_IRQHandler                      0x080001b7   Thumb Code     0  startup_stm32f407xx.o(.text)
    TIM7_IRQHandler                          0x080001b7   Thumb Code     0  startup_stm32f407xx.o(.text)
    TIM8_BRK_TIM12_IRQHandler                0x080001b7   Thumb Code     0  startup_stm32f407xx.o(.text)
    TIM8_CC_IRQHandler                       0x080001b7   Thumb Code     0  startup_stm32f407xx.o(.text)
    TIM8_TRG_COM_TIM14_IRQHandler            0x080001b7   Thumb Code     0  startup_stm32f407xx.o(.text)
    TIM8_UP_TIM13_IRQHandler                 0x080001b7   Thumb Code     0  startup_stm32f407xx.o(.text)
    UART4_IRQHandler                         0x080001b7   Thumb Code     0  startup_stm32f407xx.o(.text)
    UART5_IRQHandler                         0x080001b7   Thumb Code     0  startup_stm32f407xx.o(.text)
    USART2_IRQHandler                        0x080001b7   Thumb Code     0  startup_stm32f407xx.o(.text)
    USART3_IRQHandler                        0x080001b7   Thumb Code     0  startup_stm32f407xx.o(.text)
    USART6_IRQHandler                        0x080001b7   Thumb Code     0  startup_stm32f407xx.o(.text)
    WWDG_IRQHandler                          0x080001b7   Thumb Code     0  startup_stm32f407xx.o(.text)
    __aeabi_uldivmod                         0x080001c1   Thumb Code    98  uldiv.o(.text)
    __aeabi_memset                           0x08000223   Thumb Code    14  memseta.o(.text)
    __aeabi_memset4                          0x08000223   Thumb Code     0  memseta.o(.text)
    __aeabi_memset8                          0x08000223   Thumb Code     0  memseta.o(.text)
    __aeabi_memclr                           0x08000231   Thumb Code     4  memseta.o(.text)
    __aeabi_memclr4                          0x08000231   Thumb Code     0  memseta.o(.text)
    __aeabi_memclr8                          0x08000231   Thumb Code     0  memseta.o(.text)
    _memset$wrapper                          0x08000235   Thumb Code    18  memseta.o(.text)
    _scanf_string                            0x08000247   Thumb Code   224  _scanf_str.o(.text)
    __aeabi_uidiv                            0x08000327   Thumb Code     0  uidiv.o(.text)
    __aeabi_uidivmod                         0x08000327   Thumb Code    44  uidiv.o(.text)
    __aeabi_llsl                             0x08000353   Thumb Code    30  llshl.o(.text)
    _ll_shift_l                              0x08000353   Thumb Code     0  llshl.o(.text)
    __aeabi_llsr                             0x08000371   Thumb Code    32  llushr.o(.text)
    _ll_ushift_r                             0x08000371   Thumb Code     0  llushr.o(.text)
    __I$use$fp                               0x08000391   Thumb Code     0  iusefp.o(.text)
    _frnd                                    0x08000391   Thumb Code    60  frnd.o(.text)
    __scatterload                            0x080003cd   Thumb Code    28  init.o(.text)
    __scatterload_rt2                        0x080003cd   Thumb Code     0  init.o(.text)
    _float_round                             0x080003f1   Thumb Code    18  fepilogue.o(.text)
    _float_epilogue                          0x08000403   Thumb Code    92  fepilogue.o(.text)
    BusFault_Handler                         0x08000461   Thumb Code     2  stm32f4xx_it.o(.text.BusFault_Handler)
    DMA1_Stream0_IRQHandler                  0x08000465   Thumb Code    12  stm32f4xx_it.o(.text.DMA1_Stream0_IRQHandler)
    DMA1_Stream2_IRQHandler                  0x08000471   Thumb Code    12  stm32f4xx_it.o(.text.DMA1_Stream2_IRQHandler)
    DMA1_Stream6_IRQHandler                  0x0800047d   Thumb Code    12  stm32f4xx_it.o(.text.DMA1_Stream6_IRQHandler)
    DMA1_Stream7_IRQHandler                  0x08000489   Thumb Code    12  stm32f4xx_it.o(.text.DMA1_Stream7_IRQHandler)
    DMA2_Stream2_IRQHandler                  0x08000495   Thumb Code    12  stm32f4xx_it.o(.text.DMA2_Stream2_IRQHandler)
    DMA2_Stream7_IRQHandler                  0x080004a1   Thumb Code    12  stm32f4xx_it.o(.text.DMA2_Stream7_IRQHandler)
    DebugMon_Handler                         0x080004ad   Thumb Code     2  stm32f4xx_it.o(.text.DebugMon_Handler)
    Error_Handler                            0x080004b1   Thumb Code    10  main.o(.text.Error_Handler)
    HAL_DMA_Abort                            0x080004bd   Thumb Code   142  stm32f4xx_hal_dma.o(.text.HAL_DMA_Abort)
    HAL_DMA_Abort_IT                         0x0800054d   Thumb Code    36  stm32f4xx_hal_dma.o(.text.HAL_DMA_Abort_IT)
    HAL_DMA_GetState                         0x08000571   Thumb Code     6  stm32f4xx_hal_dma.o(.text.HAL_DMA_GetState)
    HAL_DMA_IRQHandler                       0x08000579   Thumb Code   448  stm32f4xx_hal_dma.o(.text.HAL_DMA_IRQHandler)
    HAL_DMA_Init                             0x08000739   Thumb Code   354  stm32f4xx_hal_dma.o(.text.HAL_DMA_Init)
    HAL_DMA_Start_IT                         0x0800089d   Thumb Code   158  stm32f4xx_hal_dma.o(.text.HAL_DMA_Start_IT)
    HAL_Delay                                0x0800093d   Thumb Code    40  stm32f4xx_hal.o(.text.HAL_Delay)
    HAL_GPIO_Init                            0x08000965   Thumb Code   418  stm32f4xx_hal_gpio.o(.text.HAL_GPIO_Init)
    HAL_GPIO_WritePin                        0x08000b09   Thumb Code    10  stm32f4xx_hal_gpio.o(.text.HAL_GPIO_WritePin)
    HAL_GetTick                              0x08000b15   Thumb Code    12  stm32f4xx_hal.o(.text.HAL_GetTick)
    HAL_I2C_AbortCpltCallback                0x08000b21   Thumb Code     2  stm32f4xx_hal_i2c.o(.text.HAL_I2C_AbortCpltCallback)
    HAL_I2C_AddrCallback                     0x08000b25   Thumb Code     2  stm32f4xx_hal_i2c.o(.text.HAL_I2C_AddrCallback)
    HAL_I2C_EV_IRQHandler                    0x08000b29   Thumb Code  1548  stm32f4xx_hal_i2c.o(.text.HAL_I2C_EV_IRQHandler)
    HAL_I2C_ErrorCallback                    0x08001135   Thumb Code     2  stm32f4xx_hal_i2c.o(.text.HAL_I2C_ErrorCallback)
    HAL_I2C_Init                             0x08001139   Thumb Code   374  stm32f4xx_hal_i2c.o(.text.HAL_I2C_Init)
    HAL_I2C_IsDeviceReady                    0x080012b1   Thumb Code   550  stm32f4xx_hal_i2c.o(.text.HAL_I2C_IsDeviceReady)
    HAL_I2C_ListenCpltCallback               0x080014d9   Thumb Code     2  stm32f4xx_hal_i2c.o(.text.HAL_I2C_ListenCpltCallback)
    HAL_I2C_MasterRxCpltCallback             0x080014dd   Thumb Code     2  stm32f4xx_hal_i2c.o(.text.HAL_I2C_MasterRxCpltCallback)
    HAL_I2C_MasterTxCpltCallback             0x080014e1   Thumb Code     2  stm32f4xx_hal_i2c.o(.text.HAL_I2C_MasterTxCpltCallback)
    HAL_I2C_Master_Receive                   0x080014e5   Thumb Code  1538  stm32f4xx_hal_i2c.o(.text.HAL_I2C_Master_Receive)
    HAL_I2C_Master_Transmit                  0x08001ae9   Thumb Code  1144  stm32f4xx_hal_i2c.o(.text.HAL_I2C_Master_Transmit)
    HAL_I2C_MemRxCpltCallback                0x08001f61   Thumb Code     2  stm32f4xx_hal_i2c.o(.text.HAL_I2C_MemRxCpltCallback)
    HAL_I2C_MemTxCpltCallback                0x08001f65   Thumb Code     2  stm32f4xx_hal_i2c.o(.text.HAL_I2C_MemTxCpltCallback)
    HAL_I2C_MspInit                          0x08001f69   Thumb Code   482  i2c.o(.text.HAL_I2C_MspInit)
    HAL_I2C_SlaveRxCpltCallback              0x0800214d   Thumb Code     2  stm32f4xx_hal_i2c.o(.text.HAL_I2C_SlaveRxCpltCallback)
    HAL_I2C_SlaveTxCpltCallback              0x08002151   Thumb Code     2  stm32f4xx_hal_i2c.o(.text.HAL_I2C_SlaveTxCpltCallback)
    HAL_IncTick                              0x08002155   Thumb Code    26  stm32f4xx_hal.o(.text.HAL_IncTick)
    HAL_Init                                 0x08002171   Thumb Code    54  stm32f4xx_hal.o(.text.HAL_Init)
    HAL_InitTick                             0x080021a9   Thumb Code    72  stm32f4xx_hal.o(.text.HAL_InitTick)
    HAL_MspInit                              0x080021f1   Thumb Code    56  stm32f4xx_hal_msp.o(.text.HAL_MspInit)
    HAL_NVIC_EnableIRQ                       0x08002229   Thumb Code    38  stm32f4xx_hal_cortex.o(.text.HAL_NVIC_EnableIRQ)
    HAL_NVIC_SetPriority                     0x08002251   Thumb Code    86  stm32f4xx_hal_cortex.o(.text.HAL_NVIC_SetPriority)
    HAL_NVIC_SetPriorityGrouping             0x080022a9   Thumb Code    32  stm32f4xx_hal_cortex.o(.text.HAL_NVIC_SetPriorityGrouping)
    HAL_RCC_ClockConfig                      0x080022c9   Thumb Code   352  stm32f4xx_hal_rcc.o(.text.HAL_RCC_ClockConfig)
    HAL_RCC_GetPCLK1Freq                     0x08002429   Thumb Code    38  stm32f4xx_hal_rcc.o(.text.HAL_RCC_GetPCLK1Freq)
    HAL_RCC_GetPCLK2Freq                     0x08002451   Thumb Code    38  stm32f4xx_hal_rcc.o(.text.HAL_RCC_GetPCLK2Freq)
    HAL_RCC_GetSysClockFreq                  0x08002479   Thumb Code   106  stm32f4xx_hal_rcc.o(.text.HAL_RCC_GetSysClockFreq)
    HAL_RCC_OscConfig                        0x080024e5   Thumb Code   884  stm32f4xx_hal_rcc.o(.text.HAL_RCC_OscConfig)
    HAL_SYSTICK_Config                       0x08002859   Thumb Code    44  stm32f4xx_hal_cortex.o(.text.HAL_SYSTICK_Config)
    HAL_TIMEx_ConfigBreakDeadTime            0x08002885   Thumb Code    76  stm32f4xx_hal_tim_ex.o(.text.HAL_TIMEx_ConfigBreakDeadTime)
    HAL_TIMEx_MasterConfigSynchronization    0x080028d1   Thumb Code   182  stm32f4xx_hal_tim_ex.o(.text.HAL_TIMEx_MasterConfigSynchronization)
    HAL_TIM_Base_Init                        0x08002989   Thumb Code    90  stm32f4xx_hal_tim.o(.text.HAL_TIM_Base_Init)
    HAL_TIM_Base_MspInit                     0x080029e5   Thumb Code    54  tim.o(.text.HAL_TIM_Base_MspInit)
    HAL_TIM_MspPostInit                      0x08002a1d   Thumb Code   708  tim.o(.text.HAL_TIM_MspPostInit)
    HAL_TIM_PWM_ConfigChannel                0x08002ce1   Thumb Code   546  stm32f4xx_hal_tim.o(.text.HAL_TIM_PWM_ConfigChannel)
    HAL_TIM_PWM_Init                         0x08002f05   Thumb Code    90  stm32f4xx_hal_tim.o(.text.HAL_TIM_PWM_Init)
    HAL_TIM_PWM_MspInit                      0x08002f61   Thumb Code   342  tim.o(.text.HAL_TIM_PWM_MspInit)
    HAL_TIM_PWM_Start                        0x080030b9   Thumb Code   274  stm32f4xx_hal_tim.o(.text.HAL_TIM_PWM_Start)
    HAL_UARTEx_RxEventCallback               0x080031cd   Thumb Code     2  stm32f4xx_hal_uart.o(.text.HAL_UARTEx_RxEventCallback)
    HAL_UART_DMAStop                         0x080031d1   Thumb Code   540  stm32f4xx_hal_uart.o(.text.HAL_UART_DMAStop)
    HAL_UART_ErrorCallback                   0x080033ed   Thumb Code     2  stm32f4xx_hal_uart.o(.text.HAL_UART_ErrorCallback)
    HAL_UART_IRQHandler                      0x080033f1   Thumb Code  1380  stm32f4xx_hal_uart.o(.text.HAL_UART_IRQHandler)
    HAL_UART_Init                            0x08003955   Thumb Code    94  stm32f4xx_hal_uart.o(.text.HAL_UART_Init)
    HAL_UART_MspInit                         0x080039b5   Thumb Code   246  usart.o(.text.HAL_UART_MspInit)
    HAL_UART_Receive_DMA                     0x08003aad   Thumb Code   368  stm32f4xx_hal_uart.o(.text.HAL_UART_Receive_DMA)
    HAL_UART_RxCpltCallback                  0x08003c1d   Thumb Code     2  stm32f4xx_hal_uart.o(.text.HAL_UART_RxCpltCallback)
    HAL_UART_RxHalfCpltCallback              0x08003c21   Thumb Code     2  stm32f4xx_hal_uart.o(.text.HAL_UART_RxHalfCpltCallback)
    HAL_UART_Transmit                        0x08003c25   Thumb Code   646  stm32f4xx_hal_uart.o(.text.HAL_UART_Transmit)
    HAL_UART_TxCpltCallback                  0x08003ead   Thumb Code     2  stm32f4xx_hal_uart.o(.text.HAL_UART_TxCpltCallback)
    HardFault_Handler                        0x08003eb1   Thumb Code     2  stm32f4xx_it.o(.text.HardFault_Handler)
    I2C1_EV_IRQHandler                       0x08003eb5   Thumb Code    12  stm32f4xx_it.o(.text.I2C1_EV_IRQHandler)
    I2C2_EV_IRQHandler                       0x08003ec1   Thumb Code    12  stm32f4xx_it.o(.text.I2C2_EV_IRQHandler)
    MX_DMA_Init                              0x08004589   Thumb Code   156  dma.o(.text.MX_DMA_Init)
    MX_GPIO_Init                             0x08004625   Thumb Code   204  gpio.o(.text.MX_GPIO_Init)
    MX_I2C1_Init                             0x080046f1   Thumb Code    66  i2c.o(.text.MX_I2C1_Init)
    MX_I2C2_Init                             0x08004735   Thumb Code    66  i2c.o(.text.MX_I2C2_Init)
    MX_TIM13_Init                            0x08004779   Thumb Code   132  tim.o(.text.MX_TIM13_Init)
    MX_TIM1_Init                             0x080047fd   Thumb Code   280  tim.o(.text.MX_TIM1_Init)
    MX_TIM2_Init                             0x08004915   Thumb Code   206  tim.o(.text.MX_TIM2_Init)
    MX_TIM3_Init                             0x080049e5   Thumb Code   210  tim.o(.text.MX_TIM3_Init)
    MX_TIM4_Init                             0x08004ab9   Thumb Code   210  tim.o(.text.MX_TIM4_Init)
    MX_TIM5_Init                             0x08004b8d   Thumb Code   210  tim.o(.text.MX_TIM5_Init)
    MX_TIM8_Init                             0x08004c61   Thumb Code   282  tim.o(.text.MX_TIM8_Init)
    MX_TIM9_Init                             0x08004d7d   Thumb Code   106  tim.o(.text.MX_TIM9_Init)
    MX_USART1_UART_Init                      0x08004de9   Thumb Code    60  usart.o(.text.MX_USART1_UART_Init)
    MemManage_Handler                        0x08004e25   Thumb Code     2  stm32f4xx_it.o(.text.MemManage_Handler)
    NMI_Handler                              0x08004e29   Thumb Code     2  stm32f4xx_it.o(.text.NMI_Handler)
    PWM_SET_9                                0x08004e2d   Thumb Code    76  tim.o(.text.PWM_SET_9)
    PendSV_Handler                           0x08004e79   Thumb Code     2  stm32f4xx_it.o(.text.PendSV_Handler)
    Pwm_Init_9                               0x08004e7d   Thumb Code   212  tim.o(.text.Pwm_Init_9)
    SVC_Handler                              0x08004f51   Thumb Code     2  stm32f4xx_it.o(.text.SVC_Handler)
    SysTick_Handler                          0x08004f55   Thumb Code     4  stm32f4xx_it.o(.text.SysTick_Handler)
    SystemClock_Config                       0x08004f59   Thumb Code   176  main.o(.text.SystemClock_Config)
    SystemInit                               0x08005009   Thumb Code    18  system_stm32f4xx.o(.text.SystemInit)
    TIM_Base_SetConfig                       0x0800501d   Thumb Code   316  stm32f4xx_hal_tim.o(.text.TIM_Base_SetConfig)
    USART1_IRQHandler                        0x08005641   Thumb Code    78  stm32f4xx_it.o(.text.USART1_IRQHandler)
    UsageFault_Handler                       0x08005691   Thumb Code     2  stm32f4xx_it.o(.text.UsageFault_Handler)
    fan_device_detect                        0x08005695   Thumb Code   144  smartwind.o(.text.fan_device_detect)
    fan_init                                 0x08005725   Thumb Code   152  smartwind.o(.text.fan_init)
    fan_set_all                              0x080057bd   Thumb Code   204  smartwind.o(.text.fan_set_all)
    fputc                                    0x08005899   Thumb Code    32  stm32f4xx_hal_msp.o(.text.fputc)
    main                                     0x080058b9   Thumb Code   160  main.o(.text.main)
    pca9685_init                             0x08005959   Thumb Code   136  pca9685.o(.text.pca9685_init)
    pca9685_set_channel_pwm_times            0x080059e1   Thumb Code    58  pca9685.o(.text.pca9685_set_channel_pwm_times)
    pca9685_set_pwm_frequency                0x08005a1d   Thumb Code   280  pca9685.o(.text.pca9685_set_pwm_frequency)
    pca9685_wakeup                           0x08005b35   Thumb Code   186  pca9685.o(.text.pca9685_wakeup)
    __0printf$3                              0x08005bf1   Thumb Code    22  printf3.o(i.__0printf$3)
    __1printf$3                              0x08005bf1   Thumb Code     0  printf3.o(i.__0printf$3)
    __2printf                                0x08005bf1   Thumb Code     0  printf3.o(i.__0printf$3)
    __hardfp_roundf                          0x08005c11   Thumb Code   154  roundf.o(i.__hardfp_roundf)
    __scatterload_copy                       0x08005cab   Thumb Code    14  handlers.o(i.__scatterload_copy)
    __scatterload_null                       0x08005cb9   Thumb Code     2  handlers.o(i.__scatterload_null)
    __scatterload_zeroinit                   0x08005cbb   Thumb Code    14  handlers.o(i.__scatterload_zeroinit)
    AHBPrescTable                            0x08005ec0   Data          16  system_stm32f4xx.o(.rodata.AHBPrescTable)
    APBPrescTable                            0x08005ed0   Data           8  system_stm32f4xx.o(.rodata.APBPrescTable)
    Region$$Table$$Base                      0x08005ef4   Number         0  anon$$obj.o(Region$$Table)
    Region$$Table$$Limit                     0x08005f14   Number         0  anon$$obj.o(Region$$Table)
    __stdout                                 0x20000000   Data           4  stdout.o(.data)
    uwTickFreq                               0x20000004   Data           1  stm32f4xx_hal.o(.data..L_MergedGlobals)
    uwTickPrio                               0x20000008   Data           4  stm32f4xx_hal.o(.data..L_MergedGlobals)
    PWM_config3                              0x2000000c   Data          18  tim.o(.data.PWM_config3)
    SystemCoreClock                          0x20000020   Data           4  system_stm32f4xx.o(.data.SystemCoreClock)
    hdma_i2c1_rx                             0x20000028   Data          96  i2c.o(.bss.hdma_i2c1_rx)
    hdma_i2c1_tx                             0x20000088   Data          96  i2c.o(.bss.hdma_i2c1_tx)
    hdma_i2c2_rx                             0x200000e8   Data          96  i2c.o(.bss.hdma_i2c2_rx)
    hdma_i2c2_tx                             0x20000148   Data          96  i2c.o(.bss.hdma_i2c2_tx)
    hdma_usart1_rx                           0x200001a8   Data          96  usart.o(.bss.hdma_usart1_rx)
    hdma_usart1_tx                           0x20000208   Data          96  usart.o(.bss.hdma_usart1_tx)
    hi2c1                                    0x20000268   Data          84  i2c.o(.bss.hi2c1)
    hi2c2                                    0x200002bc   Data          84  i2c.o(.bss.hi2c2)
    htim1                                    0x20000310   Data          72  tim.o(.bss.htim1)
    htim13                                   0x20000358   Data          72  tim.o(.bss.htim13)
    htim2                                    0x200003a0   Data          72  tim.o(.bss.htim2)
    htim3                                    0x200003e8   Data          72  tim.o(.bss.htim3)
    htim4                                    0x20000430   Data          72  tim.o(.bss.htim4)
    htim5                                    0x20000478   Data          72  tim.o(.bss.htim5)
    htim8                                    0x200004c0   Data          72  tim.o(.bss.htim8)
    htim9                                    0x20000508   Data          72  tim.o(.bss.htim9)
    huart1                                   0x20000550   Data          68  usart.o(.bss.huart1)
    tBuf                                     0x20000594   Data         256  smartwind.o(.bss.tBuf)
    usart1_rx                                0x20000694   Data         514  stm32f4xx_it.o(.bss.usart1_rx)
    uwTick                                   0x20000898   Data           4  stm32f4xx_hal.o(.bss.uwTick)
    __initial_sp                             0x20000ca0   Data           0  startup_stm32f407xx.o(STACK)



==============================================================================

Memory Map of the image

  Image Entry point : 0x08000189

  Load Region LR_IROM1 (Base: 0x08000000, Size: 0x00005f40, Max: 0x00100000, ABSOLUTE)

    Execution Region ER_IROM1 (Exec base: 0x08000000, Load base: 0x08000000, Size: 0x00005f14, Max: 0x00100000, ABSOLUTE)

    Exec Addr    Load Addr    Size         Type   Attr      Idx    E Section Name        Object

    0x08000000   0x08000000   0x00000188   Data   RO            3    RESET               startup_stm32f407xx.o
    0x08000188   0x08000188   0x00000000   Code   RO         1238  * .ARM.Collect$$$$00000000  mc_w.l(entry.o)
    0x08000188   0x08000188   0x00000004   Code   RO         1551    .ARM.Collect$$$$00000001  mc_w.l(entry2.o)
    0x0800018c   0x0800018c   0x00000004   Code   RO         1554    .ARM.Collect$$$$00000004  mc_w.l(entry5.o)
    0x08000190   0x08000190   0x00000000   Code   RO         1556    .ARM.Collect$$$$00000008  mc_w.l(entry7b.o)
    0x08000190   0x08000190   0x00000000   Code   RO         1558    .ARM.Collect$$$$0000000A  mc_w.l(entry8b.o)
    0x08000190   0x08000190   0x00000008   Code   RO         1559    .ARM.Collect$$$$0000000B  mc_w.l(entry9a.o)
    0x08000198   0x08000198   0x00000000   Code   RO         1561    .ARM.Collect$$$$0000000D  mc_w.l(entry10a.o)
    0x08000198   0x08000198   0x00000000   Code   RO         1563    .ARM.Collect$$$$0000000F  mc_w.l(entry11a.o)
    0x08000198   0x08000198   0x00000004   Code   RO         1552    .ARM.Collect$$$$00002712  mc_w.l(entry2.o)
    0x0800019c   0x0800019c   0x00000024   Code   RO            4    .text               startup_stm32f407xx.o
    0x080001c0   0x080001c0   0x00000062   Code   RO         1241    .text               mc_w.l(uldiv.o)
    0x08000222   0x08000222   0x00000024   Code   RO         1243    .text               mc_w.l(memseta.o)
    0x08000246   0x08000246   0x000000e0   Code   RO         1508    .text               mc_w.l(_scanf_str.o)
    0x08000326   0x08000326   0x0000002c   Code   RO         1576    .text               mc_w.l(uidiv.o)
    0x08000352   0x08000352   0x0000001e   Code   RO         1578    .text               mc_w.l(llshl.o)
    0x08000370   0x08000370   0x00000020   Code   RO         1580    .text               mc_w.l(llushr.o)
    0x08000390   0x08000390   0x00000000   Code   RO         1593    .text               mc_w.l(iusefp.o)
    0x08000390   0x08000390   0x0000003c   Code   RO         1594    .text               mf_w.l(frnd.o)
    0x080003cc   0x080003cc   0x00000024   Code   RO         1614    .text               mc_w.l(init.o)
    0x080003f0   0x080003f0   0x0000006e   Code   RO         1621    .text               mf_w.l(fepilogue.o)
    0x0800045e   0x0800045e   0x00000002   PAD
    0x08000460   0x08000460   0x00000002   Code   RO          147    .text.BusFault_Handler  stm32f4xx_it.o
    0x08000462   0x08000462   0x00000002   PAD
    0x08000464   0x08000464   0x0000000c   Code   RO          159    .text.DMA1_Stream0_IRQHandler  stm32f4xx_it.o
    0x08000470   0x08000470   0x0000000c   Code   RO          161    .text.DMA1_Stream2_IRQHandler  stm32f4xx_it.o
    0x0800047c   0x0800047c   0x0000000c   Code   RO          163    .text.DMA1_Stream6_IRQHandler  stm32f4xx_it.o
    0x08000488   0x08000488   0x0000000c   Code   RO          171    .text.DMA1_Stream7_IRQHandler  stm32f4xx_it.o
    0x08000494   0x08000494   0x0000000c   Code   RO          173    .text.DMA2_Stream2_IRQHandler  stm32f4xx_it.o
    0x080004a0   0x080004a0   0x0000000c   Code   RO          175    .text.DMA2_Stream7_IRQHandler  stm32f4xx_it.o
    0x080004ac   0x080004ac   0x00000002   Code   RO          153    .text.DebugMon_Handler  stm32f4xx_it.o
    0x080004ae   0x080004ae   0x00000002   PAD
    0x080004b0   0x080004b0   0x0000000a   Code   RO           17    .text.Error_Handler  main.o
    0x080004ba   0x080004ba   0x00000002   PAD
    0x080004bc   0x080004bc   0x0000008e   Code   RO          490    .text.HAL_DMA_Abort  stm32f4xx_hal_dma.o
    0x0800054a   0x0800054a   0x00000002   PAD
    0x0800054c   0x0800054c   0x00000024   Code   RO          492    .text.HAL_DMA_Abort_IT  stm32f4xx_hal_dma.o
    0x08000570   0x08000570   0x00000006   Code   RO          502    .text.HAL_DMA_GetState  stm32f4xx_hal_dma.o
    0x08000576   0x08000576   0x00000002   PAD
    0x08000578   0x08000578   0x000001c0   Code   RO          496    .text.HAL_DMA_IRQHandler  stm32f4xx_hal_dma.o
    0x08000738   0x08000738   0x00000162   Code   RO          482    .text.HAL_DMA_Init  stm32f4xx_hal_dma.o
    0x0800089a   0x0800089a   0x00000002   PAD
    0x0800089c   0x0800089c   0x0000009e   Code   RO          488    .text.HAL_DMA_Start_IT  stm32f4xx_hal_dma.o
    0x0800093a   0x0800093a   0x00000002   PAD
    0x0800093c   0x0800093c   0x00000028   Code   RO          643    .text.HAL_Delay     stm32f4xx_hal.o
    0x08000964   0x08000964   0x000001a2   Code   RO          444    .text.HAL_GPIO_Init  stm32f4xx_hal_gpio.o
    0x08000b06   0x08000b06   0x00000002   PAD
    0x08000b08   0x08000b08   0x0000000a   Code   RO          450    .text.HAL_GPIO_WritePin  stm32f4xx_hal_gpio.o
    0x08000b12   0x08000b12   0x00000002   PAD
    0x08000b14   0x08000b14   0x0000000c   Code   RO          635    .text.HAL_GetTick   stm32f4xx_hal.o
    0x08000b20   0x08000b20   0x00000002   Code   RO          315    .text.HAL_I2C_AbortCpltCallback  stm32f4xx_hal_i2c.o
    0x08000b22   0x08000b22   0x00000002   PAD
    0x08000b24   0x08000b24   0x00000002   Code   RO          305    .text.HAL_I2C_AddrCallback  stm32f4xx_hal_i2c.o
    0x08000b26   0x08000b26   0x00000002   PAD
    0x08000b28   0x08000b28   0x0000060c   Code   RO          283    .text.HAL_I2C_EV_IRQHandler  stm32f4xx_hal_i2c.o
    0x08001134   0x08001134   0x00000002   Code   RO          313    .text.HAL_I2C_ErrorCallback  stm32f4xx_hal_i2c.o
    0x08001136   0x08001136   0x00000002   PAD
    0x08001138   0x08001138   0x00000176   Code   RO          199    .text.HAL_I2C_Init  stm32f4xx_hal_i2c.o
    0x080012ae   0x080012ae   0x00000002   PAD
    0x080012b0   0x080012b0   0x00000226   Code   RO          255    .text.HAL_I2C_IsDeviceReady  stm32f4xx_hal_i2c.o
    0x080014d6   0x080014d6   0x00000002   PAD
    0x080014d8   0x080014d8   0x00000002   Code   RO          307    .text.HAL_I2C_ListenCpltCallback  stm32f4xx_hal_i2c.o
    0x080014da   0x080014da   0x00000002   PAD
    0x080014dc   0x080014dc   0x00000002   Code   RO          299    .text.HAL_I2C_MasterRxCpltCallback  stm32f4xx_hal_i2c.o
    0x080014de   0x080014de   0x00000002   PAD
    0x080014e0   0x080014e0   0x00000002   Code   RO          297    .text.HAL_I2C_MasterTxCpltCallback  stm32f4xx_hal_i2c.o
    0x080014e2   0x080014e2   0x00000002   PAD
    0x080014e4   0x080014e4   0x00000602   Code   RO          213    .text.HAL_I2C_Master_Receive  stm32f4xx_hal_i2c.o
    0x08001ae6   0x08001ae6   0x00000002   PAD
    0x08001ae8   0x08001ae8   0x00000478   Code   RO          207    .text.HAL_I2C_Master_Transmit  stm32f4xx_hal_i2c.o
    0x08001f60   0x08001f60   0x00000002   Code   RO          311    .text.HAL_I2C_MemRxCpltCallback  stm32f4xx_hal_i2c.o
    0x08001f62   0x08001f62   0x00000002   PAD
    0x08001f64   0x08001f64   0x00000002   Code   RO          309    .text.HAL_I2C_MemTxCpltCallback  stm32f4xx_hal_i2c.o
    0x08001f66   0x08001f66   0x00000002   PAD
    0x08001f68   0x08001f68   0x000001e2   Code   RO           50    .text.HAL_I2C_MspInit  i2c.o
    0x0800214a   0x0800214a   0x00000002   PAD
    0x0800214c   0x0800214c   0x00000002   Code   RO          303    .text.HAL_I2C_SlaveRxCpltCallback  stm32f4xx_hal_i2c.o
    0x0800214e   0x0800214e   0x00000002   PAD
    0x08002150   0x08002150   0x00000002   Code   RO          301    .text.HAL_I2C_SlaveTxCpltCallback  stm32f4xx_hal_i2c.o
    0x08002152   0x08002152   0x00000002   PAD
    0x08002154   0x08002154   0x0000001a   Code   RO          633    .text.HAL_IncTick   stm32f4xx_hal.o
    0x0800216e   0x0800216e   0x00000002   PAD
    0x08002170   0x08002170   0x00000036   Code   RO          623    .text.HAL_Init      stm32f4xx_hal.o
    0x080021a6   0x080021a6   0x00000002   PAD
    0x080021a8   0x080021a8   0x00000048   Code   RO          625    .text.HAL_InitTick  stm32f4xx_hal.o
    0x080021f0   0x080021f0   0x00000038   Code   RO          189    .text.HAL_MspInit   stm32f4xx_hal_msp.o
    0x08002228   0x08002228   0x00000026   Code   RO          581    .text.HAL_NVIC_EnableIRQ  stm32f4xx_hal_cortex.o
    0x0800224e   0x0800224e   0x00000002   PAD
    0x08002250   0x08002250   0x00000056   Code   RO          579    .text.HAL_NVIC_SetPriority  stm32f4xx_hal_cortex.o
    0x080022a6   0x080022a6   0x00000002   PAD
    0x080022a8   0x080022a8   0x00000020   Code   RO          577    .text.HAL_NVIC_SetPriorityGrouping  stm32f4xx_hal_cortex.o
    0x080022c8   0x080022c8   0x00000160   Code   RO          338    .text.HAL_RCC_ClockConfig  stm32f4xx_hal_rcc.o
    0x08002428   0x08002428   0x00000026   Code   RO          350    .text.HAL_RCC_GetPCLK1Freq  stm32f4xx_hal_rcc.o
    0x0800244e   0x0800244e   0x00000002   PAD
    0x08002450   0x08002450   0x00000026   Code   RO          352    .text.HAL_RCC_GetPCLK2Freq  stm32f4xx_hal_rcc.o
    0x08002476   0x08002476   0x00000002   PAD
    0x08002478   0x08002478   0x0000006a   Code   RO          340    .text.HAL_RCC_GetSysClockFreq  stm32f4xx_hal_rcc.o
    0x080024e2   0x080024e2   0x00000002   PAD
    0x080024e4   0x080024e4   0x00000374   Code   RO          336    .text.HAL_RCC_OscConfig  stm32f4xx_hal_rcc.o
    0x08002858   0x08002858   0x0000002c   Code   RO          589    .text.HAL_SYSTICK_Config  stm32f4xx_hal_cortex.o
    0x08002884   0x08002884   0x0000004c   Code   RO         1010    .text.HAL_TIMEx_ConfigBreakDeadTime  stm32f4xx_hal_tim_ex.o
    0x080028d0   0x080028d0   0x000000b6   Code   RO         1008    .text.HAL_TIMEx_MasterConfigSynchronization  stm32f4xx_hal_tim_ex.o
    0x08002986   0x08002986   0x00000002   PAD
    0x08002988   0x08002988   0x0000005a   Code   RO          713    .text.HAL_TIM_Base_Init  stm32f4xx_hal_tim.o
    0x080029e2   0x080029e2   0x00000002   PAD
    0x080029e4   0x080029e4   0x00000036   Code   RO           88    .text.HAL_TIM_Base_MspInit  tim.o
    0x08002a1a   0x08002a1a   0x00000002   PAD
    0x08002a1c   0x08002a1c   0x000002c4   Code   RO           70    .text.HAL_TIM_MspPostInit  tim.o
    0x08002ce0   0x08002ce0   0x00000222   Code   RO          867    .text.HAL_TIM_PWM_ConfigChannel  stm32f4xx_hal_tim.o
    0x08002f02   0x08002f02   0x00000002   PAD
    0x08002f04   0x08002f04   0x0000005a   Code   RO          767    .text.HAL_TIM_PWM_Init  stm32f4xx_hal_tim.o
    0x08002f5e   0x08002f5e   0x00000002   PAD
    0x08002f60   0x08002f60   0x00000156   Code   RO           86    .text.HAL_TIM_PWM_MspInit  tim.o
    0x080030b6   0x080030b6   0x00000002   PAD
    0x080030b8   0x080030b8   0x00000112   Code   RO          775    .text.HAL_TIM_PWM_Start  stm32f4xx_hal_tim.o
    0x080031ca   0x080031ca   0x00000002   PAD
    0x080031cc   0x080031cc   0x00000002   Code   RO         1116    .text.HAL_UARTEx_RxEventCallback  stm32f4xx_hal_uart.o
    0x080031ce   0x080031ce   0x00000002   PAD
    0x080031d0   0x080031d0   0x0000021c   Code   RO         1074    .text.HAL_UART_DMAStop  stm32f4xx_hal_uart.o
    0x080033ec   0x080033ec   0x00000002   Code   RO         1114    .text.HAL_UART_ErrorCallback  stm32f4xx_hal_uart.o
    0x080033ee   0x080033ee   0x00000002   PAD
    0x080033f0   0x080033f0   0x00000564   Code   RO         1108    .text.HAL_UART_IRQHandler  stm32f4xx_hal_uart.o
    0x08003954   0x08003954   0x0000005e   Code   RO         1032    .text.HAL_UART_Init  stm32f4xx_hal_uart.o
    0x080039b2   0x080039b2   0x00000002   PAD
    0x080039b4   0x080039b4   0x000000f6   Code   RO          126    .text.HAL_UART_MspInit  usart.o
    0x08003aaa   0x08003aaa   0x00000002   PAD
    0x08003aac   0x08003aac   0x00000170   Code   RO         1066    .text.HAL_UART_Receive_DMA  stm32f4xx_hal_uart.o
    0x08003c1c   0x08003c1c   0x00000002   Code   RO         1122    .text.HAL_UART_RxCpltCallback  stm32f4xx_hal_uart.o
    0x08003c1e   0x08003c1e   0x00000002   PAD
    0x08003c20   0x08003c20   0x00000002   Code   RO         1124    .text.HAL_UART_RxHalfCpltCallback  stm32f4xx_hal_uart.o
    0x08003c22   0x08003c22   0x00000002   PAD
    0x08003c24   0x08003c24   0x00000286   Code   RO         1048    .text.HAL_UART_Transmit  stm32f4xx_hal_uart.o
    0x08003eaa   0x08003eaa   0x00000002   PAD
    0x08003eac   0x08003eac   0x00000002   Code   RO         1118    .text.HAL_UART_TxCpltCallback  stm32f4xx_hal_uart.o
    0x08003eae   0x08003eae   0x00000002   PAD
    0x08003eb0   0x08003eb0   0x00000002   Code   RO          143    .text.HardFault_Handler  stm32f4xx_it.o
    0x08003eb2   0x08003eb2   0x00000002   PAD
    0x08003eb4   0x08003eb4   0x0000000c   Code   RO          165    .text.I2C1_EV_IRQHandler  stm32f4xx_it.o
    0x08003ec0   0x08003ec0   0x0000000c   Code   RO          167    .text.I2C2_EV_IRQHandler  stm32f4xx_it.o
    0x08003ecc   0x08003ecc   0x00000122   Code   RO          269    .text.I2C_DMAAbort  stm32f4xx_hal_i2c.o
    0x08003fee   0x08003fee   0x00000002   PAD
    0x08003ff0   0x08003ff0   0x0000018c   Code   RO          281    .text.I2C_ITError   stm32f4xx_hal_i2c.o
    0x0800417c   0x0800417c   0x000000e8   Code   RO          293    .text.I2C_MasterReceive_BTF  stm32f4xx_hal_i2c.o
    0x08004264   0x08004264   0x00000136   Code   RO          291    .text.I2C_MasterReceive_RXNE  stm32f4xx_hal_i2c.o
    0x0800439a   0x0800439a   0x00000002   PAD
    0x0800439c   0x0800439c   0x00000082   Code   RO          287    .text.I2C_MasterTransmit_BTF  stm32f4xx_hal_i2c.o
    0x0800441e   0x0800441e   0x00000002   PAD
    0x08004420   0x08004420   0x000000b2   Code   RO          285    .text.I2C_MasterTransmit_TXE  stm32f4xx_hal_i2c.o
    0x080044d2   0x080044d2   0x00000002   PAD
    0x080044d4   0x080044d4   0x000000b4   Code   RO          289    .text.I2C_MemoryTransmit_TXE_BTF  stm32f4xx_hal_i2c.o
    0x08004588   0x08004588   0x0000009c   Code   RO           37    .text.MX_DMA_Init   dma.o
    0x08004624   0x08004624   0x000000cc   Code   RO           28    .text.MX_GPIO_Init  gpio.o
    0x080046f0   0x080046f0   0x00000042   Code   RO           46    .text.MX_I2C1_Init  i2c.o
    0x08004732   0x08004732   0x00000002   PAD
    0x08004734   0x08004734   0x00000042   Code   RO           48    .text.MX_I2C2_Init  i2c.o
    0x08004776   0x08004776   0x00000002   PAD
    0x08004778   0x08004778   0x00000084   Code   RO           84    .text.MX_TIM13_Init  tim.o
    0x080047fc   0x080047fc   0x00000118   Code   RO           68    .text.MX_TIM1_Init  tim.o
    0x08004914   0x08004914   0x000000ce   Code   RO           72    .text.MX_TIM2_Init  tim.o
    0x080049e2   0x080049e2   0x00000002   PAD
    0x080049e4   0x080049e4   0x000000d2   Code   RO           74    .text.MX_TIM3_Init  tim.o
    0x08004ab6   0x08004ab6   0x00000002   PAD
    0x08004ab8   0x08004ab8   0x000000d2   Code   RO           76    .text.MX_TIM4_Init  tim.o
    0x08004b8a   0x08004b8a   0x00000002   PAD
    0x08004b8c   0x08004b8c   0x000000d2   Code   RO           78    .text.MX_TIM5_Init  tim.o
    0x08004c5e   0x08004c5e   0x00000002   PAD
    0x08004c60   0x08004c60   0x0000011a   Code   RO           80    .text.MX_TIM8_Init  tim.o
    0x08004d7a   0x08004d7a   0x00000002   PAD
    0x08004d7c   0x08004d7c   0x0000006a   Code   RO           82    .text.MX_TIM9_Init  tim.o
    0x08004de6   0x08004de6   0x00000002   PAD
    0x08004de8   0x08004de8   0x0000003c   Code   RO          124    .text.MX_USART1_UART_Init  usart.o
    0x08004e24   0x08004e24   0x00000002   Code   RO          145    .text.MemManage_Handler  stm32f4xx_it.o
    0x08004e26   0x08004e26   0x00000002   PAD
    0x08004e28   0x08004e28   0x00000002   Code   RO          141    .text.NMI_Handler   stm32f4xx_it.o
    0x08004e2a   0x08004e2a   0x00000002   PAD
    0x08004e2c   0x08004e2c   0x0000004c   Code   RO          100    .text.PWM_SET_9     tim.o
    0x08004e78   0x08004e78   0x00000002   Code   RO          155    .text.PendSV_Handler  stm32f4xx_it.o
    0x08004e7a   0x08004e7a   0x00000002   PAD
    0x08004e7c   0x08004e7c   0x000000d4   Code   RO           96    .text.Pwm_Init_9    tim.o
    0x08004f50   0x08004f50   0x00000002   Code   RO          151    .text.SVC_Handler   stm32f4xx_it.o
    0x08004f52   0x08004f52   0x00000002   PAD
    0x08004f54   0x08004f54   0x00000004   Code   RO          157    .text.SysTick_Handler  stm32f4xx_it.o
    0x08004f58   0x08004f58   0x000000b0   Code   RO           15    .text.SystemClock_Config  main.o
    0x08005008   0x08005008   0x00000012   Code   RO         1152    .text.SystemInit    system_stm32f4xx.o
    0x0800501a   0x0800501a   0x00000002   PAD
    0x0800501c   0x0800501c   0x0000013c   Code   RO          717    .text.TIM_Base_SetConfig  stm32f4xx_hal_tim.o
    0x08005158   0x08005158   0x0000000c   Code   RO         1112    .text.UART_DMAAbortOnError  stm32f4xx_hal_uart.o
    0x08005164   0x08005164   0x0000017c   Code   RO         1064    .text.UART_DMAError  stm32f4xx_hal_uart.o
    0x080052e0   0x080052e0   0x0000015a   Code   RO         1140    .text.UART_DMAReceiveCplt  stm32f4xx_hal_uart.o
    0x0800543a   0x0800543a   0x00000002   PAD
    0x0800543c   0x0800543c   0x00000014   Code   RO         1142    .text.UART_DMARxHalfCplt  stm32f4xx_hal_uart.o
    0x08005450   0x08005450   0x000000fe   Code   RO         1110    .text.UART_Receive_IT  stm32f4xx_hal_uart.o
    0x0800554e   0x0800554e   0x00000002   PAD
    0x08005550   0x08005550   0x000000ee   Code   RO         1036    .text.UART_SetConfig  stm32f4xx_hal_uart.o
    0x0800563e   0x0800563e   0x00000002   PAD
    0x08005640   0x08005640   0x0000004e   Code   RO          169    .text.USART1_IRQHandler  stm32f4xx_it.o
    0x0800568e   0x0800568e   0x00000002   PAD
    0x08005690   0x08005690   0x00000002   Code   RO          149    .text.UsageFault_Handler  stm32f4xx_it.o
    0x08005692   0x08005692   0x00000002   PAD
    0x08005694   0x08005694   0x00000090   Code   RO         1194    .text.fan_device_detect  smartwind.o
    0x08005724   0x08005724   0x00000098   Code   RO         1192    .text.fan_init      smartwind.o
    0x080057bc   0x080057bc   0x000000dc   Code   RO         1208    .text.fan_set_all   smartwind.o
    0x08005898   0x08005898   0x00000020   Code   RO          185    .text.fputc         stm32f4xx_hal_msp.o
    0x080058b8   0x080058b8   0x000000a0   Code   RO           13    .text.main          main.o
    0x08005958   0x08005958   0x00000088   Code   RO         1167    .text.pca9685_init  pca9685.o
    0x080059e0   0x080059e0   0x0000003a   Code   RO         1177    .text.pca9685_set_channel_pwm_times  pca9685.o
    0x08005a1a   0x08005a1a   0x00000002   PAD
    0x08005a1c   0x08005a1c   0x00000118   Code   RO         1169    .text.pca9685_set_pwm_frequency  pca9685.o
    0x08005b34   0x08005b34   0x000000ba   Code   RO         1171    .text.pca9685_wakeup  pca9685.o
    0x08005bee   0x08005bee   0x00000002   PAD
    0x08005bf0   0x08005bf0   0x00000020   Code   RO         1334    i.__0printf$3       mc_w.l(printf3.o)
    0x08005c10   0x08005c10   0x0000009a   Code   RO         1234    i.__hardfp_roundf   m_wm.l(roundf.o)
    0x08005caa   0x08005caa   0x0000000e   Code   RO         1634    i.__scatterload_copy  mc_w.l(handlers.o)
    0x08005cb8   0x08005cb8   0x00000002   Code   RO         1635    i.__scatterload_null  mc_w.l(handlers.o)
    0x08005cba   0x08005cba   0x0000000e   Code   RO         1636    i.__scatterload_zeroinit  mc_w.l(handlers.o)
    0x08005cc8   0x08005cc8   0x000001b8   Code   RO         1341    i._printf_core      mc_w.l(printf3.o)
    0x08005e80   0x08005e80   0x00000040   Data   RO         1219    .rodata..L__const.fan_set_pwm.channel_map  smartwind.o
    0x08005ec0   0x08005ec0   0x00000010   Data   RO         1157    .rodata.AHBPrescTable  system_stm32f4xx.o
    0x08005ed0   0x08005ed0   0x00000008   Data   RO         1158    .rodata.APBPrescTable  system_stm32f4xx.o
    0x08005ed8   0x08005ed8   0x00000008   Data   RO          506    .rodata.cst8        stm32f4xx_hal_dma.o
    0x08005ee0   0x08005ee0   0x00000014   Data   RO         1220    .rodata.str1.1      smartwind.o
    0x08005ef4   0x08005ef4   0x00000020   Data   RO         1633    Region$$Table       anon$$obj.o


    Execution Region RW_IRAM1 (Exec base: 0x20000000, Load base: 0x08005f18, Size: 0x00000ca0, Max: 0x0001c000, ABSOLUTE)

    Exec Addr    Load Addr    Size         Type   Attr      Idx    E Section Name        Object

    0x20000000   0x08005f18   0x00000004   Data   RW         1566    .data               mc_w.l(stdout.o)
    0x20000004   0x08005f1c   0x00000008   Data   RW          678    .data..L_MergedGlobals  stm32f4xx_hal.o
    0x2000000c   0x08005f24   0x00000012   Data   RW          107    .data.PWM_config3   tim.o
    0x2000001e   0x08005f36   0x00000002   PAD
    0x20000020   0x08005f38   0x00000004   Data   RW         1156    .data.SystemCoreClock  system_stm32f4xx.o
    0x20000024   0x08005f3c   0x00000004   PAD
    0x20000028        -       0x00000060   Zero   RW           56    .bss.hdma_i2c1_rx   i2c.o
    0x20000088        -       0x00000060   Zero   RW           57    .bss.hdma_i2c1_tx   i2c.o
    0x200000e8        -       0x00000060   Zero   RW           58    .bss.hdma_i2c2_rx   i2c.o
    0x20000148        -       0x00000060   Zero   RW           59    .bss.hdma_i2c2_tx   i2c.o
    0x200001a8        -       0x00000060   Zero   RW          131    .bss.hdma_usart1_rx  usart.o
    0x20000208        -       0x00000060   Zero   RW          132    .bss.hdma_usart1_tx  usart.o
    0x20000268        -       0x00000054   Zero   RW           54    .bss.hi2c1          i2c.o
    0x200002bc        -       0x00000054   Zero   RW           55    .bss.hi2c2          i2c.o
    0x20000310        -       0x00000048   Zero   RW          108    .bss.htim1          tim.o
    0x20000358        -       0x00000048   Zero   RW          115    .bss.htim13         tim.o
    0x200003a0        -       0x00000048   Zero   RW          109    .bss.htim2          tim.o
    0x200003e8        -       0x00000048   Zero   RW          110    .bss.htim3          tim.o
    0x20000430        -       0x00000048   Zero   RW          111    .bss.htim4          tim.o
    0x20000478        -       0x00000048   Zero   RW          112    .bss.htim5          tim.o
    0x200004c0        -       0x00000048   Zero   RW          113    .bss.htim8          tim.o
    0x20000508        -       0x00000048   Zero   RW          114    .bss.htim9          tim.o
    0x20000550        -       0x00000044   Zero   RW          130    .bss.huart1         usart.o
    0x20000594        -       0x00000100   Zero   RW         1218    .bss.tBuf           smartwind.o
    0x20000694        -       0x00000202   Zero   RW          177    .bss.usart1_rx      stm32f4xx_it.o
    0x20000896   0x08005f3c   0x00000002   PAD
    0x20000898        -       0x00000004   Zero   RW          677    .bss.uwTick         stm32f4xx_hal.o
    0x2000089c   0x08005f3c   0x00000004   PAD
    0x200008a0        -       0x00000400   Zero   RW            1    STACK               startup_stm32f407xx.o


    Execution Region RW_IRAM2 (Exec base: 0x2001c000, Load base: 0x08005f40, Size: 0x00000000, Max: 0x00004000, ABSOLUTE)

    **** No section assigned to this execution region ****


==============================================================================

Image component sizes


      Code (inc. data)   RO Data    RW Data    ZI Data      Debug   Object Name

       156          0          0          0          0       3492   dma.o
       204          0          0          0          0       2218   gpio.o
       614          0          0          0        552       7669   i2c.o
       346          4          0          0          0       6806   main.o
       660         12          0          0          0      10826   pca9685.o
       516         16         84          0        256      11932   smartwind.o
        36          8        392          0       1024        824   startup_stm32f407xx.o
       204          0          0          8          4       7278   stm32f4xx_hal.o
       200          0          0          0          0      10508   stm32f4xx_hal_cortex.o
      1144          6          8          0          0      10582   stm32f4xx_hal_dma.o
       428          0          0          0          0       5230   stm32f4xx_hal_gpio.o
      6890         16          0          0          0      53632   stm32f4xx_hal_i2c.o
        88          0          0          0          0       2848   stm32f4xx_hal_msp.o
      1418          0          0          0          0       7344   stm32f4xx_hal_rcc.o
      1316          4          0          0          0      55084   stm32f4xx_hal_tim.o
       258          0          0          0          0      21224   stm32f4xx_hal_tim_ex.o
      4288          0          0          0          0      31432   stm32f4xx_hal_uart.o
       194          0          0          0        514       6481   stm32f4xx_it.o
        18          0         24          4          0       2631   system_stm32f4xx.o
      3028          0          0         18        576      11821   tim.o
       306          0          0          0        260       7011   usart.o

    ----------------------------------------------------------------------
     22452         66        540         32       3196     276873   Object Totals
         0          0         32          0          0          0   (incl. Generated)
       140          0          0          2         10          0   (incl. Padding)

    ----------------------------------------------------------------------

      Code (inc. data)   RO Data    RW Data    ZI Data      Debug   Library Member Name

       154          0          0          0          0        140   roundf.o
       224          0          0          0          0         96   _scanf_str.o
         0          0          0          0          0          0   entry.o
         0          0          0          0          0          0   entry10a.o
         0          0          0          0          0          0   entry11a.o
         8          4          0          0          0          0   entry2.o
         4          0          0          0          0          0   entry5.o
         0          0          0          0          0          0   entry7b.o
         0          0          0          0          0          0   entry8b.o
         8          4          0          0          0          0   entry9a.o
        30          0          0          0          0          0   handlers.o
        36          8          0          0          0         68   init.o
         0          0          0          0          0          0   iusefp.o
        30          0          0          0          0         68   llshl.o
        32          0          0          0          0         68   llushr.o
        36          0          0          0          0        108   memseta.o
       472         14          0          0          0        184   printf3.o
         0          0          0          4          0          0   stdout.o
        44          0          0          0          0         80   uidiv.o
        98          0          0          0          0         92   uldiv.o
       110          0          0          0          0        168   fepilogue.o
        60          0          0          0          0         76   frnd.o

    ----------------------------------------------------------------------
      1348         30          0          4          0       1148   Library Totals
         2          0          0          0          0          0   (incl. Padding)

    ----------------------------------------------------------------------

      Code (inc. data)   RO Data    RW Data    ZI Data      Debug   Library Name

       154          0          0          0          0        140   m_wm.l
      1022         30          0          4          0        764   mc_w.l
       170          0          0          0          0        244   mf_w.l

    ----------------------------------------------------------------------
      1348         30          0          4          0       1148   Library Totals

    ----------------------------------------------------------------------

==============================================================================


      Code (inc. data)   RO Data    RW Data    ZI Data      Debug   

     23800         96        540         36       3196     277429   Grand Totals
     23800         96        540         36       3196     277429   ELF Image Totals
     23800         96        540         36          0          0   ROM Totals

==============================================================================

    Total RO  Size (Code + RO Data)                24340 (  23.77kB)
    Total RW  Size (RW Data + ZI Data)              3232 (   3.16kB)
    Total ROM Size (Code + RO Data + RW Data)      24376 (  23.80kB)

==============================================================================

