<html>
<body>
<pre>
<h1>µVision Build Log</h1>
<h2>Tool Versions:</h2>
IDE-Version: ¦ÌVision V5.38.0.0
Copyright (C) 2022 ARM Ltd and ARM Germany GmbH. All rights reserved.
License Information: zzou 1, HP Inc., LIC=03C6R-KF8V6-MMC9I-T1W8C-30TQS-VCNYP
 
Tool Versions:
Toolchain:       MDK-ARM Plus  Version: 5.38.0.0
Toolchain Path:  C:\Keil_v5\ARM\ARMCLANG\Bin
C Compiler:      ArmClang.exe V6.19
Assembler:       Armasm.exe V6.19
Linker/Locator:  ArmLink.exe V6.19
Library Manager: ArmAr.exe V6.19
Hex Converter:   FromElf.exe V6.19
CPU DLL:         SARMCM3.DLL V5.38.0.0
Dialog DLL:      DCM.DLL V1.17.5.0
Target DLL:      STLink\ST-LINKIII-KEIL_SWO.dll V3.1.0.0
Dialog DLL:      TCM.DLL V1.56.4.0
 
<h2>Project:</h2>
E:\project\kamikaze\smartwind\MDK-ARM\smartwind.uvprojx
Project File Date:  08/24/2023

<h2>Output:</h2>
*** Using Compiler 'V6.19', folder: 'C:\Keil_v5\ARM\ARMCLANG\Bin'
Build target 'smartwind'
../Core/Src/main.c(191): warning: passing 'uint8_t[512]' (aka 'unsigned char[512]') to parameter of type 'const char *' converts between pointers to integer types where one is of the unique plain 'char' type and the other is not [-Wpointer-sign]
                                sscanf(rBuf,"e$%i$",&pwm_up);
                                       ^~~~
../Core/Src/main.c(41): note: expanded from macro 'rBuf'
#define rBuf usart1_rx.rx_buff
             ^~~~~~~~~~~~~~~~~
C:\Keil_v5\ARM\ARMCLANG\Bin\..\include\stdio.h(529): note: passing argument to parameter here
extern _ARMABI int sscanf(const char * __restrict /*s*/,
                                                       ^
../Core/Src/main.c(191): warning: format specifies type 'int *' but the argument has type 'uint16_t *' (aka 'unsigned short *') [-Wformat]
                                sscanf(rBuf,"e$%i$",&pwm_up);
                                               ~~   ^~~~~~~
                                               %hi
../Core/Src/main.c(213): warning: passing 'uint8_t[512]' (aka 'unsigned char[512]') to parameter of type 'const char *' converts between pointers to integer types where one is of the unique plain 'char' type and the other is not [-Wpointer-sign]
                                sscanf(rBuf,"g$%i,%i,%i$",&period,&pwm_down,&pwm_up);
                                       ^~~~
../Core/Src/main.c(41): note: expanded from macro 'rBuf'
#define rBuf usart1_rx.rx_buff
             ^~~~~~~~~~~~~~~~~
C:\Keil_v5\ARM\ARMCLANG\Bin\..\include\stdio.h(529): note: passing argument to parameter here
extern _ARMABI int sscanf(const char * __restrict /*s*/,
                                                       ^
../Core/Src/main.c(228): warning: passing 'uint8_t[512]' (aka 'unsigned char[512]') to parameter of type 'const char *' converts between pointers to integer types where one is of the unique plain 'char' type and the other is not [-Wpointer-sign]
                                sscanf(rBuf,"s$%i,%i,%i$",&direction,&row,&pwm_up);
                                       ^~~~
../Core/Src/main.c(41): note: expanded from macro 'rBuf'
#define rBuf usart1_rx.rx_buff
             ^~~~~~~~~~~~~~~~~
C:\Keil_v5\ARM\ARMCLANG\Bin\..\include\stdio.h(529): note: passing argument to parameter here
extern _ARMABI int sscanf(const char * __restrict /*s*/,
                                                       ^
../Core/Src/main.c(250): warning: passing 'uint8_t[512]' (aka 'unsigned char[512]') to parameter of type 'const char *' converts between pointers to integer types where one is of the unique plain 'char' type and the other is not [-Wpointer-sign]
                                sscanf(rBuf,"w$%d,%d,%d,%d$",&direction,&spatial_period,&time_period,&pwm);
                                       ^~~~
../Core/Src/main.c(41): note: expanded from macro 'rBuf'
#define rBuf usart1_rx.rx_buff
             ^~~~~~~~~~~~~~~~~
C:\Keil_v5\ARM\ARMCLANG\Bin\..\include\stdio.h(529): note: passing argument to parameter here
extern _ARMABI int sscanf(const char * __restrict /*s*/,
                                                       ^
5 warnings generated.
compiling main.c...
linking...
Program Size: Code=23800 RO-data=540 RW-data=36 ZI-data=3196  
FromELF: creating hex file...
".\fan_project\fan_project.axf" - 0 Error(s), 5 Warning(s).

<h2>Software Packages used:</h2>

Package Vendor: ARM
                http://www.keil.com/pack/ARM.CMSIS.5.9.0.pack
                ARM.CMSIS.5.9.0
                CMSIS (Common Microcontroller Software Interface Standard)
   * Component: CORE Version: 5.6.0

Package Vendor: Keil
                https://www.keil.com/pack/Keil.STM32F4xx_DFP.2.17.1.pack
                Keil.STM32F4xx_DFP.2.17.1
                STMicroelectronics STM32F4 Series Device Support, Drivers and Examples

<h2>Collection of Component include folders:</h2>
  ./RTE/_smartwind
  C:/Users/Administrator/AppData/Local/Arm/Packs/ARM/CMSIS/5.9.0/CMSIS/Core/Include
  C:/Users/Administrator/AppData/Local/Arm/Packs/Keil/STM32F4xx_DFP/2.17.1/Drivers/CMSIS/Device/ST/STM32F4xx/Include

<h2>Collection of Component Files used:</h2>

   * Component: ARM::CMSIS:CORE:5.6.0
      Include file:  CMSIS/Core/Include/tz_context.h
Build Time Elapsed:  00:00:01
</pre>
</body>
</html>
